// Jest Snapshot v1, https://goo.gl/fbAQLP

exports[`Syncing simple transaction bip44 1`] = `
Array [
  Object {
    "AccountingTransactionInput": Array [],
  },
  Object {
    "Address": Array [
      Object {
        "AddressId": 1,
        "Digest": -7.688374964700068e+58,
        "Hash": "01024b414d2f9a78fa4df3052a6a6777e84c06a6bcbc37bd5f5bc895d406f30a6ad8f372da10",
        "Type": 200,
      },
      Object {
        "AddressId": 2,
        "Digest": 7.917336341489796e-172,
        "Hash": "01026ca10bf4d69db22a0be5a870f42d554ec792d1e595c669a79723771ed41660eb9d2c3fb7",
        "Type": 200,
      },
      Object {
        "AddressId": 3,
        "Digest": -3.350048177154092e-256,
        "Hash": "01030144e8e178e61be914a1f758c0c826183fffdd2fc43a909b8ee96344872afde68d8dc8bd",
        "Type": 200,
      },
      Object {
        "AddressId": 4,
        "Digest": 1.9967276384370563e+182,
        "Hash": "01036647de4f71cfe7887372f6edc02ed85aa171e17fbf25b9d811b8924fc51bfa992c16245e",
        "Type": 200,
      },
      Object {
        "AddressId": 5,
        "Digest": 1.3877825850778937e-14,
        "Hash": "01030a34bb300eff7a7cc7fc2aba459142b5815883840fb8955db162b3f8f9b0ab7264581970",
        "Type": 200,
      },
      Object {
        "AddressId": 6,
        "Digest": -8.70336260214563e-263,
        "Hash": "0102c177974f7fb52a045f79ecfd5bceca135cb30b58d926bf178b17e8497f4d1bfda6150b0d",
        "Type": 200,
      },
      Object {
        "AddressId": 7,
        "Digest": -1.8006650764410445e-249,
        "Hash": "0102b1435bbb4d43af9f07717364e712aa2365d73dc5dbb3ccd9a6f791af69295c77bb0a44d3",
        "Type": 200,
      },
      Object {
        "AddressId": 8,
        "Digest": -7.610920450236926e+283,
        "Hash": "0102a15ac8a618a031a5e885dba5bf9fb0bd8e84f565d27e55a347160923104fe8afd5d6e599",
        "Type": 200,
      },
      Object {
        "AddressId": 9,
        "Digest": -2.294131016856919e-302,
        "Hash": "01021bed5c3b95fe8717a2ea3d54adf995abe5dc4d453d7bfdbf87d6fcd61c9ec56f505d32f5",
        "Type": 200,
      },
      Object {
        "AddressId": 10,
        "Digest": 6.864953496262857e-237,
        "Hash": "010381525d1d25cfa7ca6f08037a47b87b17b6ba91f26b46e9dec706fe9039485030e6a2780f",
        "Type": 200,
      },
      Object {
        "AddressId": 11,
        "Digest": -1.4508106245208645e+113,
        "Hash": "0103570241ee71b77b9b5cb3a5c43912770599b29dad80e329a4680c869abe2d00102eebb214",
        "Type": 200,
      },
      Object {
        "AddressId": 12,
        "Digest": -1.3975944031699118e-40,
        "Hash": "0102281cd117f979c1833005fab597e1fbb6d9b9db20e6c19188077f3491fa87dd1a027fed34",
        "Type": 200,
      },
      Object {
        "AddressId": 13,
        "Digest": -3.525493174983617e+50,
        "Hash": "010354f0b5fcfbf5aebd5b606eea858858c9cf8df4d16ff0b56b1ebbf395f17e1a7d070477eb",
        "Type": 200,
      },
      Object {
        "AddressId": 14,
        "Digest": 1.063774521550138e-273,
        "Hash": "010279ff75b5f82d21b717e5f71e113c7716677af307774a566c0211e5c69ebe18f6526d746d",
        "Type": 200,
      },
      Object {
        "AddressId": 15,
        "Digest": -1.0452779070778004e-182,
        "Hash": "0103e154549c3b996d0aa83927aecbfcdc8f73a3c4292fd82a155e4440c7905658fc22f3330d",
        "Type": 200,
      },
      Object {
        "AddressId": 16,
        "Digest": -3.630991434010872e-179,
        "Hash": "0103a7c5d8da7115dc75ebd7d16fa806283e84d634cc5e68a9c88022f11d9b39f5bfc3982378",
        "Type": 200,
      },
      Object {
        "AddressId": 17,
        "Digest": 5.28910502881661e+45,
        "Hash": "0103ae08067c29e19e489a221439dd9d0715fed8469ef7dd9b210b9f6111eeaca7d08ebb2705",
        "Type": 200,
      },
      Object {
        "AddressId": 18,
        "Digest": -5.968658544408143e+64,
        "Hash": "010337e57ce4b4a83d189698e85e7c0408abb61c8d78b78347122944b50bbb0196930eb18a80",
        "Type": 200,
      },
      Object {
        "AddressId": 19,
        "Digest": -7.788376866080975e-148,
        "Hash": "0102c58b27af83f278ef737bdcecfefa0130060e28a924bf540e9c9dea1986e0ccfdc2bb0aad",
        "Type": 200,
      },
      Object {
        "AddressId": 20,
        "Digest": 11998900.480300197,
        "Hash": "0103468b1754b0f74d15440e78e8f6939a674e324f4617af443719b038c4229eca43741601c1",
        "Type": 200,
      },
      Object {
        "AddressId": 21,
        "Digest": -3.001169643315954e+204,
        "Hash": "0103a5886fbb729b1d6bf77c1530fe52c0525bf39a99da221d727c0bba1ca217f85ce8da1974",
        "Type": 200,
      },
      Object {
        "AddressId": 22,
        "Digest": 2.206608964289575e+162,
        "Hash": "0103e8f66fb18acd6ac8bf8ce91f75956d70577e279a089e961633172f4415c7b896385381c4",
        "Type": 200,
      },
      Object {
        "AddressId": 23,
        "Digest": -5.945817104220763e+297,
        "Hash": "01023e15f8ce594fd6f1613782ef180ef9d39667bfe4b7acff15875efe22bb8f194db1c08e29",
        "Type": 200,
      },
      Object {
        "AddressId": 24,
        "Digest": -3.6834581709752666e+284,
        "Hash": "0103b652f2ff1fb0d63c8af5e25e9176a76777bb3255ac5bff1cc5d5821ee46675c02f98f0b2",
        "Type": 200,
      },
      Object {
        "AddressId": 25,
        "Digest": 3.0390722078292535e+207,
        "Hash": "0103d855d69d9b4ef0f79d766ff0a225768b71c4d94cdd8091ff539fbf6e8671435d371662a1",
        "Type": 200,
      },
      Object {
        "AddressId": 26,
        "Digest": -4.084956355891101e-103,
        "Hash": "0102e2b2bcd1b527066844420580a9cd4a0f6431c4c5c95a14ad55357a32f587da854fbb6d9a",
        "Type": 200,
      },
      Object {
        "AddressId": 27,
        "Digest": 1.4315879838237276e+297,
        "Hash": "0102de65edbb854cebcfa4f898143c912ef0faa73146803d909eaa8cd0c79c839f9fb70e07f6",
        "Type": 200,
      },
      Object {
        "AddressId": 28,
        "Digest": -2.610229067851634e+21,
        "Hash": "0103999f63af914e08998074ceb87cabefd303a3432722edf0555c0d16ab769ba124ae7db4cc",
        "Type": 200,
      },
      Object {
        "AddressId": 29,
        "Digest": -6.142337272947989e-243,
        "Hash": "0103688f6c1e49a5fb71e2a15d333ce477af941617fd7c75b5e1102d9b016936cb6b7ec5bd65",
        "Type": 200,
      },
      Object {
        "AddressId": 30,
        "Digest": 1.9703681364497915e-15,
        "Hash": "0103ff4b6e09bbbce8de24e444793cd5834a99773a5387c8a4bdaf8f5253001660c4bf6482da",
        "Type": 200,
      },
      Object {
        "AddressId": 31,
        "Digest": 3.3770000018478785e-189,
        "Hash": "01026b16667f660a39112ff8498cb5442f239cc880bd45b91d14810c9fdeb0b9c6a95a87cd95",
        "Type": 200,
      },
      Object {
        "AddressId": 32,
        "Digest": -6.24691405278238e-167,
        "Hash": "01028a07901c4b27551d569986a746a100b1fcf71136b41507daf79c3765ec10542dcf90a3e5",
        "Type": 200,
      },
      Object {
        "AddressId": 33,
        "Digest": 4.676276799697041e-31,
        "Hash": "01022d0de77beaa7eae9ee279c6e839fe24fff288218e374e086846650ef03da968d423fbc1b",
        "Type": 200,
      },
      Object {
        "AddressId": 34,
        "Digest": -1.7921691721418594e+193,
        "Hash": "01023f3fadee296c630ac5dff35c72983654b626dd20cc9ee4dce9811d410b6e166fae09a726",
        "Type": 200,
      },
      Object {
        "AddressId": 35,
        "Digest": -6.228279860147478e-42,
        "Hash": "010363cfe61c788a624a5a3588914bdd4117765e9755fb8d30d34c85de89532f260e4d8ed603",
        "Type": 200,
      },
      Object {
        "AddressId": 36,
        "Digest": 1.3233573657018918e+125,
        "Hash": "010340ecc0bf427a86992522c2898d32c4090b4c03315ea419103a2f73429d9b69932c2b81aa",
        "Type": 200,
      },
      Object {
        "AddressId": 37,
        "Digest": 1.1688125628507207e-10,
        "Hash": "01037f9d821a654b29c44a6fb300cfa2466b858f6b3d2c6f92b3531730b473664d55f8a14226",
        "Type": 200,
      },
      Object {
        "AddressId": 38,
        "Digest": -2.4153261999574095e+153,
        "Hash": "0103cd37b0f4208e846345729b64f10acbab447217874cbe714559212c4b7a7ffa61ec23f71c",
        "Type": 200,
      },
      Object {
        "AddressId": 39,
        "Digest": -3.5699653641409233e-245,
        "Hash": "01021e28c6a0595a87a0fd3a8710c1dfa37ac3793f5f59db61a32f708c786a82e08dd01c3b2d",
        "Type": 200,
      },
      Object {
        "AddressId": 40,
        "Digest": 1.8989709184280265e-257,
        "Hash": "0103f518862607c2a00ef7b82f8f3820fb035feec599a7f719466bb98c397e14582ef82d4aca",
        "Type": 200,
      },
      Object {
        "AddressId": 41,
        "Digest": 2.202030825221387e+129,
        "Hash": "0102b5b63eb1350945b0f4ade0379bd45f81bb66fda8b307618f29903184e86deab9170bfd89",
        "Type": 200,
      },
      Object {
        "AddressId": 42,
        "Digest": -4.463643391370266e+296,
        "Hash": "0102aa962439a892a3828f24179f7f404426d9a474be4ecaf64d5ba753fca9b647f00c4c1ff8",
        "Type": 200,
      },
    ],
  },
  Object {
    "Block": Array [
      Object {
        "BlockId": 1,
        "BlockTime": 2019-09-13T16:37:16.000Z,
        "Digest": -9.690691258114666e-56,
        "Hash": "a9835cc1e0f9b6c239aec4c446a6e181b7db6a80ad53cc0b04f70c6b85e9ba25",
        "Height": 218608,
        "SlotNum": 0,
      },
      Object {
        "BlockId": 2,
        "BlockTime": 2019-09-13T16:37:36.000Z,
        "Digest": -6.352946211521613e-51,
        "Hash": "a9835cc1e0f9b6c239aec4c446a6e181b7db6a80ad53cc0b04f70c6b85e9ba26",
        "Height": 218609,
        "SlotNum": 0,
      },
    ],
  },
  Object {
    "LastSyncInfo": Array [
      Object {
        "BlockHash": "a9835cc1e0f9b6c239aec4c446a6e181b7db6a80ad53cc0b04f70c6b85e9ba26",
        "Height": 218609,
        "LastSyncInfoId": 1,
        "SlotNum": 0,
        "Time": 1970-01-01T00:00:00.001Z,
      },
    ],
  },
  Object {
    "Token": Array [
      Object {
        "Digest": 6.262633522161549e-167,
        "Identifier": "",
        "IsDefault": true,
        "Metadata": Object {
          "assetName": "",
          "longName": null,
          "numberOfDecimals": 6,
          "policyId": "",
          "ticker": "ADA",
          "type": "Cardano",
        },
        "NetworkId": 0,
        "TokenId": 1,
      },
      Object {
        "Digest": 6.262633522161549e-167,
        "Identifier": "",
        "IsDefault": true,
        "Metadata": Object {
          "assetName": "",
          "longName": null,
          "numberOfDecimals": 6,
          "policyId": "",
          "ticker": "ADA",
          "type": "Cardano",
        },
        "NetworkId": 100,
        "TokenId": 2,
      },
      Object {
        "Digest": 6.262633522161549e-167,
        "Identifier": "",
        "IsDefault": true,
        "Metadata": Object {
          "boxId": "",
          "description": null,
          "height": 0,
          "longName": null,
          "numberOfDecimals": 9,
          "ticker": "ERG",
          "type": "Ergo",
        },
        "NetworkId": 200,
        "TokenId": 3,
      },
      Object {
        "Digest": 6.262633522161549e-167,
        "Identifier": "",
        "IsDefault": true,
        "Metadata": Object {
          "assetName": "",
          "longName": null,
          "numberOfDecimals": 6,
          "policyId": "",
          "ticker": "TADA",
          "type": "Cardano",
        },
        "NetworkId": 300,
        "TokenId": 4,
      },
    ],
  },
  Object {
    "TokenList": Array [
      Object {
        "Amount": "4000000",
        "ListId": 0,
        "TokenId": 3,
        "TokenListItemId": 1,
      },
      Object {
        "Amount": "2100000",
        "ListId": 1,
        "TokenId": 3,
        "TokenListItemId": 2,
      },
      Object {
        "Amount": "1731391",
        "ListId": 2,
        "TokenId": 3,
        "TokenListItemId": 3,
      },
      Object {
        "Amount": "2100000",
        "ListId": 3,
        "TokenId": 3,
        "TokenListItemId": 4,
      },
      Object {
        "Amount": "1100000",
        "ListId": 4,
        "TokenId": 3,
        "TokenListItemId": 5,
      },
      Object {
        "Amount": "900000",
        "ListId": 5,
        "TokenId": 3,
        "TokenListItemId": 6,
      },
    ],
  },
  Object {
    "Transaction": Array [
      Object {
        "BlockId": 1,
        "Digest": 8.191593645542673e-27,
        "ErrorMessage": null,
        "Extra": null,
        "Hash": "29f2fe214ec2c9b05773a689eca797e903adeaaf51dfe20782a4bf401e7ed545",
        "LastUpdateTime": 1568392636000,
        "Ordinal": 0,
        "Status": 1,
        "TransactionId": 1,
        "Type": 200,
      },
      Object {
        "BlockId": 2,
        "Digest": 1.249559827714551e-31,
        "ErrorMessage": null,
        "Extra": null,
        "Hash": "29f2fe214ec2c9b05773a689eca797e903adeaaf51dfe20782a4bf401e7ed546",
        "LastUpdateTime": 1568392656000,
        "Ordinal": 0,
        "Status": 1,
        "TransactionId": 2,
        "Type": 200,
      },
    ],
  },
  Object {
    "UtxoTransactionInput": Array [
      Object {
        "AddressId": 26,
        "IndexInOwnTx": 0,
        "IndexInParentTx": 0,
        "ParentTxHash": "9c8d3c4fe576f8c99d8ad6ba5d889f5a9f2d7fe07dc17b3f425f5d17696f3d20",
        "TokenListId": 0,
        "TransactionId": 1,
        "UtxoTransactionInputId": 1,
      },
      Object {
        "AddressId": 5,
        "IndexInOwnTx": 0,
        "IndexInParentTx": 0,
        "ParentTxHash": "29f2fe214ec2c9b05773a689eca797e903adeaaf51dfe20782a4bf401e7ed545",
        "TokenListId": 3,
        "TransactionId": 2,
        "UtxoTransactionInputId": 2,
      },
    ],
  },
  Object {
    "UtxoTransactionOutput": Array [
      Object {
        "AddressId": 5,
        "ErgoBoxId": "66a35e15ae1a83fa188674a2bd53137b07e119a0eaaf40b890b2081c2864f12a",
        "ErgoCreationHeight": 1,
        "ErgoRegisters": "{}",
        "ErgoTree": "0008cd030a34bb300eff7a7cc7fc2aba459142b5815883840fb8955db162b3f8f9b0ab72",
        "IsUnspent": false,
        "OutputIndex": 0,
        "TokenListId": 1,
        "TransactionId": 1,
        "UtxoTransactionOutputId": 1,
      },
      Object {
        "AddressId": 27,
        "ErgoBoxId": "76a35e15ae1a83aa188674a2bd53137b07e119a0eaaf40b890b2081c2864f12a",
        "ErgoCreationHeight": 1,
        "ErgoRegisters": "{}",
        "ErgoTree": "0008cd02de65edbb854cebcfa4f898143c912ef0faa73146803d909eaa8cd0c79c839f9f",
        "IsUnspent": true,
        "OutputIndex": 1,
        "TokenListId": 2,
        "TransactionId": 1,
        "UtxoTransactionOutputId": 2,
      },
      Object {
        "AddressId": 1,
        "ErgoBoxId": "18335e15ae1a83fa188674a2bd53137839e119a0eaaf40b890b2081c2864f12a",
        "ErgoCreationHeight": 1,
        "ErgoRegisters": "{}",
        "ErgoTree": "0008cd024b414d2f9a78fa4df3052a6a6777e84c06a6bcbc37bd5f5bc895d406f30a6ad8",
        "IsUnspent": true,
        "OutputIndex": 0,
        "TokenListId": 4,
        "TransactionId": 2,
        "UtxoTransactionOutputId": 3,
      },
      Object {
        "AddressId": 20,
        "ErgoBoxId": "ff735e15ae1a83fa188674a21749137839e119a0eaaf40b890b2081c2864f12a",
        "ErgoCreationHeight": 1,
        "ErgoRegisters": "{}",
        "ErgoTree": "0008cd03468b1754b0f74d15440e78e8f6939a674e324f4617af443719b038c4229eca43",
        "IsUnspent": true,
        "OutputIndex": 1,
        "TokenListId": 5,
        "TransactionId": 2,
        "UtxoTransactionOutputId": 4,
      },
    ],
  },
]
`;
