// Jest Snapshot v1, https://goo.gl/fbAQLP

exports[`Can add and fetch address in wallet 1`] = `
Object {
  "AccountingTransactionInput": Array [],
  "AccountingTransactionOutput": Array [],
  "Address": Array [
    Object {
      "AddressId": 1,
      "Digest": -5.18814298093809e+161,
      "Hash": "Ae2tdPwUPEZCfyggUgSxD1E5UCx5f5hrXCdvQjJszxE7epyZ4ox9vRNUbHf",
      "Type": 0,
    },
    Object {
      "AddressId": 2,
      "Digest": 4.005897187270229e+39,
      "Hash": "Ae2tdPwUPEZFXnw5T5aXoaP28yw4mRLeYomaG9mPGCFbPUtw368ZWYKp1zM",
      "Type": 0,
    },
    Object {
      "AddressId": 3,
      "Digest": -1.9091532612969177e-131,
      "Hash": "Ae2tdPwUPEZ8gpDazyi8VtcGMnMrkpKxts6ppCT45mdT6WMZEwHXs7pP8Tg",
      "Type": 0,
    },
    Object {
      "AddressId": 4,
      "Digest": -2.400376372464157e+124,
      "Hash": "Ae2tdPwUPEZBFhEBZgvm3fQeuW2zBPochfQehFtXn6tCRQy7zsQ9Px88jsH",
      "Type": 0,
    },
    Object {
      "AddressId": 5,
      "Digest": 9.948420953505185e-47,
      "Hash": "Ae2tdPwUPEZ6tzHKyuMLL6bh1au5DETgb53PTmJAN9aaCLtaUTWHvrS2mxo",
      "Type": 0,
    },
    Object {
      "AddressId": 6,
      "Digest": 9.326602089821879e-30,
      "Hash": "Ae2tdPwUPEYxzZH7sSyyXK6DDmjCxRajXUXFqbEjtxfPN7HZzQfXr4hxKwT",
      "Type": 0,
    },
    Object {
      "AddressId": 7,
      "Digest": 4.871145213048404e-43,
      "Hash": "Ae2tdPwUPEZMUQdcxu6AEoq9wzL8mtSCKhWUNhYjXqq1aenwimnLaCit1FY",
      "Type": 0,
    },
    Object {
      "AddressId": 8,
      "Digest": 6.75274668731026e+61,
      "Hash": "Ae2tdPwUPEYw9VvB1BQqgGd8XzNfgz4mv9gBjB9P8EtvPQfz4D8Gt4xnQog",
      "Type": 0,
    },
    Object {
      "AddressId": 9,
      "Digest": -7.631163428764417e+276,
      "Hash": "Ae2tdPwUPEYxYn4T89ffVqpDwqwsMDAZTcfnWBqAkjoem5sgaVKGU3FUB2E",
      "Type": 0,
    },
    Object {
      "AddressId": 10,
      "Digest": -1.6017303425870374e-101,
      "Hash": "Ae2tdPwUPEZBZ9aYboQuf5PFcjuZRCosBhLkUCxSQw1vqk3iyK5qGo5CJWe",
      "Type": 0,
    },
    Object {
      "AddressId": 11,
      "Digest": -6.537349771934158e+223,
      "Hash": "Ae2tdPwUPEZ4yCaYs3j7pPPaM9iA3KLruJkKjmUBBLKYzpJUHutWdS6EkKa",
      "Type": 0,
    },
    Object {
      "AddressId": 12,
      "Digest": -5.3866774008751e-237,
      "Hash": "Ae2tdPwUPEZ5zV8wqC9gPvkDtr2MS3Ys2vQbyPdM4wsdnzevbqnaJFg62hk",
      "Type": 0,
    },
    Object {
      "AddressId": 13,
      "Digest": 1.382203475035168e-237,
      "Hash": "Ae2tdPwUPEZAD1KmgTQ4zS6Q5s4VXWDXqB3ZmM1abQGoyrGN8qCsZyXc3vf",
      "Type": 0,
    },
    Object {
      "AddressId": 14,
      "Digest": 2.490260903712286e+254,
      "Hash": "Ae2tdPwUPEZ1SFwQMGroCTabfCPJ1RiK8D2F11C1vTMi14tX1XK2uogRWqM",
      "Type": 0,
    },
    Object {
      "AddressId": 15,
      "Digest": 1.1423435570016581e+77,
      "Hash": "Ae2tdPwUPEZJ8CiSFVipoupUVBGRAVbmbpmKPCXsExcwzZd6FcNpAcExY1r",
      "Type": 0,
    },
    Object {
      "AddressId": 16,
      "Digest": 1.1025868598519032e-268,
      "Hash": "Ae2tdPwUPEZCeLRPNcreMQAAfJFs9ZzBeFK9pUXhMnL3ooQP9TajasVsYKK",
      "Type": 0,
    },
    Object {
      "AddressId": 17,
      "Digest": 6.802372910540179e+76,
      "Hash": "Ae2tdPwUPEZGvzYwTSUZhTxDviZSKqLZDYVkcT4rLqckFXvdTMv21CinTCd",
      "Type": 0,
    },
    Object {
      "AddressId": 18,
      "Digest": 1.0898173340677806e+293,
      "Hash": "Ae2tdPwUPEZKEsQJxXQvRJHLCWRGFQNWFgHhroEw9GGXV25wRBH8TAmwCRi",
      "Type": 0,
    },
    Object {
      "AddressId": 19,
      "Digest": -1.4835020475302562e+52,
      "Hash": "Ae2tdPwUPEZ6u2i2u4iLhd9Rq4rUBsVaMpqQWuTCXMitMmugcsr9iANjNEE",
      "Type": 0,
    },
    Object {
      "AddressId": 20,
      "Digest": 1.0753995066668421e+154,
      "Hash": "Ae2tdPwUPEYxsngJhnW49jrmGuaCvQK34Hqrnx5w5SWxgfjDkSDcnrRdT5G",
      "Type": 0,
    },
    Object {
      "AddressId": 21,
      "Digest": 1.5842207841682243e-196,
      "Hash": "Ae2tdPwUPEZ3Kt2BJnDMQggxEA4c9MTagByH41rJkv2k82dBch2nqMAdyHJ",
      "Type": 0,
    },
    Object {
      "AddressId": 22,
      "Digest": 1.8819557589593857e+126,
      "Hash": "Ae2tdPwUPEYzRJEAdyX24mYTmKx8dMHYQgxkBcgnsdFHPPvmySMS9cspZmj",
      "Type": 0,
    },
    Object {
      "AddressId": 23,
      "Digest": -1.6768419216602427e+93,
      "Hash": "Ae2tdPwUPEZ5yxTy5wcVmUXP5xkkDSXfrgqWp8Px6knmUiFjJEytBGXfWoS",
      "Type": 0,
    },
    Object {
      "AddressId": 24,
      "Digest": -2.5950200694100975e-154,
      "Hash": "Ae2tdPwUPEZ3pKEVL1tMmz8EzaE9Hyn2cVJKf3TFVCjw7xeLFBdJngUXPXG",
      "Type": 0,
    },
    Object {
      "AddressId": 25,
      "Digest": -6.28195010657389e+125,
      "Hash": "Ae2tdPwUPEZLhFMGWjMpCWwsUiN58DkKmtg6r7dFJfXhmUyzNGPb2Crg141",
      "Type": 0,
    },
    Object {
      "AddressId": 26,
      "Digest": 1.8038527609850763e-30,
      "Hash": "Ae2tdPwUPEZBTYWkpudmAYdyQM9CHcV9orEVnVSan6EP2xNApB5bLE1XsKF",
      "Type": 0,
    },
    Object {
      "AddressId": 27,
      "Digest": -3.2738732077215015e+237,
      "Hash": "Ae2tdPwUPEYzdEoDVNdvLz6kFgVsjEyUJ1z3mHzAT1HotQk31tRvGNM4tge",
      "Type": 0,
    },
    Object {
      "AddressId": 28,
      "Digest": 6.009965811065196e+234,
      "Hash": "Ae2tdPwUPEZ2NvzdECB18z3SBTc8SVvx1PJuxPKsnncygEZeeKNaAeBeLDg",
      "Type": 0,
    },
    Object {
      "AddressId": 29,
      "Digest": -3.412056347004804e-256,
      "Hash": "Ae2tdPwUPEZ3iMfnFWSM3zeqpNwAdT62jNgiA27x1ZEacpfVbViYWb7gyNP",
      "Type": 0,
    },
    Object {
      "AddressId": 30,
      "Digest": -1.4607797017835113e-25,
      "Hash": "Ae2tdPwUPEYykz6FbkuRf9ScRwZc8F1xobMPyzECjsdMyqobn2tVpL6pdDW",
      "Type": 0,
    },
    Object {
      "AddressId": 31,
      "Digest": -1.5492234544082762e+72,
      "Hash": "Ae2tdPwUPEZ8SUET76NhRhJ6TNLW48csZ4e87hu6JYobQvVTKSYDMPBU5Xa",
      "Type": 0,
    },
    Object {
      "AddressId": 32,
      "Digest": 6.397199081168596e-249,
      "Hash": "Ae2tdPwUPEZBryPRKuib729PQNSBxzgXsTVwmg3CWQjZaAS7pj4WZNa3VR6",
      "Type": 0,
    },
    Object {
      "AddressId": 33,
      "Digest": 2.699654694740964e-163,
      "Hash": "Ae2tdPwUPEZ6yyMqXFEYmLvqXqktpU8LR6oW8qVbaap7R2YJGc9xDbs2Eb6",
      "Type": 0,
    },
    Object {
      "AddressId": 34,
      "Digest": 3.2672025499521527e-301,
      "Hash": "Ae2tdPwUPEZ4gRK6Qhj3Mo4tSU4LkRiqVgsQm6rg8YBGC6fqVLNqA9REr7c",
      "Type": 0,
    },
    Object {
      "AddressId": 35,
      "Digest": 5.473082144527723e-299,
      "Hash": "Ae2tdPwUPEZ3xWm3GHFVNtVWcnyTGpSF6AjyhZJY3DuSGvf3WvwLzkBisFw",
      "Type": 0,
    },
    Object {
      "AddressId": 36,
      "Digest": -9.504830601258996e-107,
      "Hash": "Ae2tdPwUPEZL9BqYXyY6zQQoatsWbkcN6g46NfvCfaE8mQppcVgentdAXeo",
      "Type": 0,
    },
    Object {
      "AddressId": 37,
      "Digest": -2.255481392460208e-13,
      "Hash": "Ae2tdPwUPEYzxRSsoqFY2Ym7zQfSdosY1bdK8KZTEjPjcobHd3GbZ3qZpvB",
      "Type": 0,
    },
    Object {
      "AddressId": 38,
      "Digest": -3.382255898780831e+65,
      "Hash": "Ae2tdPwUPEZEdntBfWRH5ucNrQd7RwPjZ2QZEkxJbsJDBrCGnTtjqfb8Aph",
      "Type": 0,
    },
    Object {
      "AddressId": 39,
      "Digest": 6.040400230567571e+220,
      "Hash": "Ae2tdPwUPEZKDMDuUZBUSokAzeJwNpqHorYEPuycXBMMFameoVFkxwpLheC",
      "Type": 0,
    },
    Object {
      "AddressId": 40,
      "Digest": -1.2798377351521785e-185,
      "Hash": "Ae2tdPwUPEZ2E4XNPVarvndsmkC8n2vS9rXJfCxny9oVacViLRDpeKioaAc",
      "Type": 0,
    },
  ],
  "AddressMapping": Array [
    Object {
      "AddressId": 1,
      "AddressMappingId": 1,
      "KeyDerivationId": 6,
    },
    Object {
      "AddressId": 2,
      "AddressMappingId": 2,
      "KeyDerivationId": 7,
    },
    Object {
      "AddressId": 3,
      "AddressMappingId": 3,
      "KeyDerivationId": 8,
    },
    Object {
      "AddressId": 4,
      "AddressMappingId": 4,
      "KeyDerivationId": 9,
    },
    Object {
      "AddressId": 5,
      "AddressMappingId": 5,
      "KeyDerivationId": 10,
    },
    Object {
      "AddressId": 6,
      "AddressMappingId": 6,
      "KeyDerivationId": 11,
    },
    Object {
      "AddressId": 7,
      "AddressMappingId": 7,
      "KeyDerivationId": 12,
    },
    Object {
      "AddressId": 8,
      "AddressMappingId": 8,
      "KeyDerivationId": 13,
    },
    Object {
      "AddressId": 9,
      "AddressMappingId": 9,
      "KeyDerivationId": 14,
    },
    Object {
      "AddressId": 10,
      "AddressMappingId": 10,
      "KeyDerivationId": 15,
    },
    Object {
      "AddressId": 11,
      "AddressMappingId": 11,
      "KeyDerivationId": 16,
    },
    Object {
      "AddressId": 12,
      "AddressMappingId": 12,
      "KeyDerivationId": 17,
    },
    Object {
      "AddressId": 13,
      "AddressMappingId": 13,
      "KeyDerivationId": 18,
    },
    Object {
      "AddressId": 14,
      "AddressMappingId": 14,
      "KeyDerivationId": 19,
    },
    Object {
      "AddressId": 15,
      "AddressMappingId": 15,
      "KeyDerivationId": 20,
    },
    Object {
      "AddressId": 16,
      "AddressMappingId": 16,
      "KeyDerivationId": 21,
    },
    Object {
      "AddressId": 17,
      "AddressMappingId": 17,
      "KeyDerivationId": 22,
    },
    Object {
      "AddressId": 18,
      "AddressMappingId": 18,
      "KeyDerivationId": 23,
    },
    Object {
      "AddressId": 19,
      "AddressMappingId": 19,
      "KeyDerivationId": 24,
    },
    Object {
      "AddressId": 20,
      "AddressMappingId": 20,
      "KeyDerivationId": 25,
    },
    Object {
      "AddressId": 21,
      "AddressMappingId": 21,
      "KeyDerivationId": 27,
    },
    Object {
      "AddressId": 22,
      "AddressMappingId": 22,
      "KeyDerivationId": 28,
    },
    Object {
      "AddressId": 23,
      "AddressMappingId": 23,
      "KeyDerivationId": 29,
    },
    Object {
      "AddressId": 24,
      "AddressMappingId": 24,
      "KeyDerivationId": 30,
    },
    Object {
      "AddressId": 25,
      "AddressMappingId": 25,
      "KeyDerivationId": 31,
    },
    Object {
      "AddressId": 26,
      "AddressMappingId": 26,
      "KeyDerivationId": 32,
    },
    Object {
      "AddressId": 27,
      "AddressMappingId": 27,
      "KeyDerivationId": 33,
    },
    Object {
      "AddressId": 28,
      "AddressMappingId": 28,
      "KeyDerivationId": 34,
    },
    Object {
      "AddressId": 29,
      "AddressMappingId": 29,
      "KeyDerivationId": 35,
    },
    Object {
      "AddressId": 30,
      "AddressMappingId": 30,
      "KeyDerivationId": 36,
    },
    Object {
      "AddressId": 31,
      "AddressMappingId": 31,
      "KeyDerivationId": 37,
    },
    Object {
      "AddressId": 32,
      "AddressMappingId": 32,
      "KeyDerivationId": 38,
    },
    Object {
      "AddressId": 33,
      "AddressMappingId": 33,
      "KeyDerivationId": 39,
    },
    Object {
      "AddressId": 34,
      "AddressMappingId": 34,
      "KeyDerivationId": 40,
    },
    Object {
      "AddressId": 35,
      "AddressMappingId": 35,
      "KeyDerivationId": 41,
    },
    Object {
      "AddressId": 36,
      "AddressMappingId": 36,
      "KeyDerivationId": 42,
    },
    Object {
      "AddressId": 37,
      "AddressMappingId": 37,
      "KeyDerivationId": 43,
    },
    Object {
      "AddressId": 38,
      "AddressMappingId": 38,
      "KeyDerivationId": 44,
    },
    Object {
      "AddressId": 39,
      "AddressMappingId": 39,
      "KeyDerivationId": 45,
    },
    Object {
      "AddressId": 40,
      "AddressMappingId": 40,
      "KeyDerivationId": 46,
    },
  ],
  "Bip44Account": Array [
    Object {
      "Bip44AccountId": 1,
      "KeyDerivationId": 4,
    },
    Object {
      "Bip44AccountId": 2,
      "KeyDerivationId": 47,
    },
  ],
  "Bip44Chain": Array [
    Object {
      "Bip44ChainId": 1,
      "DisplayCutoff": 0,
      "KeyDerivationId": 5,
    },
    Object {
      "Bip44ChainId": 2,
      "DisplayCutoff": null,
      "KeyDerivationId": 26,
    },
    Object {
      "Bip44ChainId": 3,
      "DisplayCutoff": 0,
      "KeyDerivationId": 48,
    },
    Object {
      "Bip44ChainId": 4,
      "DisplayCutoff": null,
      "KeyDerivationId": 49,
    },
  ],
  "Bip44Wrapper": Array [
    Object {
      "Bip44WrapperId": 1,
      "ConceptualWalletId": 1,
      "PrivateDeriverKeyDerivationId": 1,
      "PrivateDeriverLevel": 0,
      "PublicDeriverLevel": 3,
      "RootKeyDerivationId": 1,
      "SignerLevel": 0,
    },
  ],
  "Block": Array [],
  "CanonicalAddress": Array [
    Object {
      "CanonicalAddressId": 1,
      "KeyDerivationId": 6,
    },
    Object {
      "CanonicalAddressId": 2,
      "KeyDerivationId": 7,
    },
    Object {
      "CanonicalAddressId": 3,
      "KeyDerivationId": 8,
    },
    Object {
      "CanonicalAddressId": 4,
      "KeyDerivationId": 9,
    },
    Object {
      "CanonicalAddressId": 5,
      "KeyDerivationId": 10,
    },
    Object {
      "CanonicalAddressId": 6,
      "KeyDerivationId": 11,
    },
    Object {
      "CanonicalAddressId": 7,
      "KeyDerivationId": 12,
    },
    Object {
      "CanonicalAddressId": 8,
      "KeyDerivationId": 13,
    },
    Object {
      "CanonicalAddressId": 9,
      "KeyDerivationId": 14,
    },
    Object {
      "CanonicalAddressId": 10,
      "KeyDerivationId": 15,
    },
    Object {
      "CanonicalAddressId": 11,
      "KeyDerivationId": 16,
    },
    Object {
      "CanonicalAddressId": 12,
      "KeyDerivationId": 17,
    },
    Object {
      "CanonicalAddressId": 13,
      "KeyDerivationId": 18,
    },
    Object {
      "CanonicalAddressId": 14,
      "KeyDerivationId": 19,
    },
    Object {
      "CanonicalAddressId": 15,
      "KeyDerivationId": 20,
    },
    Object {
      "CanonicalAddressId": 16,
      "KeyDerivationId": 21,
    },
    Object {
      "CanonicalAddressId": 17,
      "KeyDerivationId": 22,
    },
    Object {
      "CanonicalAddressId": 18,
      "KeyDerivationId": 23,
    },
    Object {
      "CanonicalAddressId": 19,
      "KeyDerivationId": 24,
    },
    Object {
      "CanonicalAddressId": 20,
      "KeyDerivationId": 25,
    },
    Object {
      "CanonicalAddressId": 21,
      "KeyDerivationId": 27,
    },
    Object {
      "CanonicalAddressId": 22,
      "KeyDerivationId": 28,
    },
    Object {
      "CanonicalAddressId": 23,
      "KeyDerivationId": 29,
    },
    Object {
      "CanonicalAddressId": 24,
      "KeyDerivationId": 30,
    },
    Object {
      "CanonicalAddressId": 25,
      "KeyDerivationId": 31,
    },
    Object {
      "CanonicalAddressId": 26,
      "KeyDerivationId": 32,
    },
    Object {
      "CanonicalAddressId": 27,
      "KeyDerivationId": 33,
    },
    Object {
      "CanonicalAddressId": 28,
      "KeyDerivationId": 34,
    },
    Object {
      "CanonicalAddressId": 29,
      "KeyDerivationId": 35,
    },
    Object {
      "CanonicalAddressId": 30,
      "KeyDerivationId": 36,
    },
    Object {
      "CanonicalAddressId": 31,
      "KeyDerivationId": 37,
    },
    Object {
      "CanonicalAddressId": 32,
      "KeyDerivationId": 38,
    },
    Object {
      "CanonicalAddressId": 33,
      "KeyDerivationId": 39,
    },
    Object {
      "CanonicalAddressId": 34,
      "KeyDerivationId": 40,
    },
    Object {
      "CanonicalAddressId": 35,
      "KeyDerivationId": 41,
    },
    Object {
      "CanonicalAddressId": 36,
      "KeyDerivationId": 42,
    },
    Object {
      "CanonicalAddressId": 37,
      "KeyDerivationId": 43,
    },
    Object {
      "CanonicalAddressId": 38,
      "KeyDerivationId": 44,
    },
    Object {
      "CanonicalAddressId": 39,
      "KeyDerivationId": 45,
    },
    Object {
      "CanonicalAddressId": 40,
      "KeyDerivationId": 46,
    },
  ],
  "Certificate": Array [],
  "CertificateAddress": Array [],
  "Cip1852Wrapper": Array [],
  "CoinTypeDerivation": Array [
    Object {
      "CoinTypeDerivationId": 1,
      "KeyDerivationId": 3,
    },
  ],
  "ConceptualWallet": Array [
    Object {
      "CoinType": 2147485463,
      "ConceptualWalletId": 1,
      "Name": "My Test Wallet",
    },
  ],
  "EncryptionMeta": Array [
    Object {
      "AddressSeed": 1690513609,
      "BlockSeed": 371536492,
      "EncryptionMetaId": 0,
      "TransactionSeed": 769388545,
    },
  ],
  "HwWalletMeta": Array [],
  "Key": Array [
    Object {
      "Hash": "c8bf95a562d0f668340b0dc383860596225422eaf69c592c66b70c19b5e59744d8eed3ad296a0e3335d9dbe7d2200d525653d2c3ff4be10d4a96e14eb1a503d66238b3b8cf2ab4e2df16f6e49a0f86dff6c9ed409e91492071624781bcaa12d567726561746573745f70617373776f72645f65766572",
      "IsEncrypted": true,
      "KeyId": 1,
      "PasswordLastUpdate": null,
    },
    Object {
      "Hash": "30037ce72ab2163c2e2d8f864b974c7176f64c53b66a81db18640f267eed13b36fb042cc7a78843824c8d1afddd3ccb3a37be249881bbacf85c3192f2dca7060",
      "IsEncrypted": false,
      "KeyId": 2,
      "PasswordLastUpdate": null,
    },
    Object {
      "Hash": "bc31c83c1b03a6b976ced49e524512ee11e46dcdcace361c2527df22fc78c6ec5991e29a6db8779a29421acbcad6e42af414ffcacd8b68f1c01589f739f93a08",
      "IsEncrypted": false,
      "KeyId": 3,
      "PasswordLastUpdate": null,
    },
  ],
  "KeyDerivation": Array [
    Object {
      "Index": null,
      "KeyDerivationId": 1,
      "Parent": null,
      "PrivateKeyId": 1,
      "PublicKeyId": null,
    },
    Object {
      "Index": 2147483692,
      "KeyDerivationId": 2,
      "Parent": 1,
      "PrivateKeyId": null,
      "PublicKeyId": null,
    },
    Object {
      "Index": 2147485463,
      "KeyDerivationId": 3,
      "Parent": 2,
      "PrivateKeyId": null,
      "PublicKeyId": null,
    },
    Object {
      "Index": 2147483648,
      "KeyDerivationId": 4,
      "Parent": 3,
      "PrivateKeyId": null,
      "PublicKeyId": 2,
    },
    Object {
      "Index": 0,
      "KeyDerivationId": 5,
      "Parent": 4,
      "PrivateKeyId": null,
      "PublicKeyId": null,
    },
    Object {
      "Index": 0,
      "KeyDerivationId": 6,
      "Parent": 5,
      "PrivateKeyId": null,
      "PublicKeyId": null,
    },
    Object {
      "Index": 1,
      "KeyDerivationId": 7,
      "Parent": 5,
      "PrivateKeyId": null,
      "PublicKeyId": null,
    },
    Object {
      "Index": 2,
      "KeyDerivationId": 8,
      "Parent": 5,
      "PrivateKeyId": null,
      "PublicKeyId": null,
    },
    Object {
      "Index": 3,
      "KeyDerivationId": 9,
      "Parent": 5,
      "PrivateKeyId": null,
      "PublicKeyId": null,
    },
    Object {
      "Index": 4,
      "KeyDerivationId": 10,
      "Parent": 5,
      "PrivateKeyId": null,
      "PublicKeyId": null,
    },
    Object {
      "Index": 5,
      "KeyDerivationId": 11,
      "Parent": 5,
      "PrivateKeyId": null,
      "PublicKeyId": null,
    },
    Object {
      "Index": 6,
      "KeyDerivationId": 12,
      "Parent": 5,
      "PrivateKeyId": null,
      "PublicKeyId": null,
    },
    Object {
      "Index": 7,
      "KeyDerivationId": 13,
      "Parent": 5,
      "PrivateKeyId": null,
      "PublicKeyId": null,
    },
    Object {
      "Index": 8,
      "KeyDerivationId": 14,
      "Parent": 5,
      "PrivateKeyId": null,
      "PublicKeyId": null,
    },
    Object {
      "Index": 9,
      "KeyDerivationId": 15,
      "Parent": 5,
      "PrivateKeyId": null,
      "PublicKeyId": null,
    },
    Object {
      "Index": 10,
      "KeyDerivationId": 16,
      "Parent": 5,
      "PrivateKeyId": null,
      "PublicKeyId": null,
    },
    Object {
      "Index": 11,
      "KeyDerivationId": 17,
      "Parent": 5,
      "PrivateKeyId": null,
      "PublicKeyId": null,
    },
    Object {
      "Index": 12,
      "KeyDerivationId": 18,
      "Parent": 5,
      "PrivateKeyId": null,
      "PublicKeyId": null,
    },
    Object {
      "Index": 13,
      "KeyDerivationId": 19,
      "Parent": 5,
      "PrivateKeyId": null,
      "PublicKeyId": null,
    },
    Object {
      "Index": 14,
      "KeyDerivationId": 20,
      "Parent": 5,
      "PrivateKeyId": null,
      "PublicKeyId": null,
    },
    Object {
      "Index": 15,
      "KeyDerivationId": 21,
      "Parent": 5,
      "PrivateKeyId": null,
      "PublicKeyId": null,
    },
    Object {
      "Index": 16,
      "KeyDerivationId": 22,
      "Parent": 5,
      "PrivateKeyId": null,
      "PublicKeyId": null,
    },
    Object {
      "Index": 17,
      "KeyDerivationId": 23,
      "Parent": 5,
      "PrivateKeyId": null,
      "PublicKeyId": null,
    },
    Object {
      "Index": 18,
      "KeyDerivationId": 24,
      "Parent": 5,
      "PrivateKeyId": null,
      "PublicKeyId": null,
    },
    Object {
      "Index": 19,
      "KeyDerivationId": 25,
      "Parent": 5,
      "PrivateKeyId": null,
      "PublicKeyId": null,
    },
    Object {
      "Index": 1,
      "KeyDerivationId": 26,
      "Parent": 4,
      "PrivateKeyId": null,
      "PublicKeyId": null,
    },
    Object {
      "Index": 0,
      "KeyDerivationId": 27,
      "Parent": 26,
      "PrivateKeyId": null,
      "PublicKeyId": null,
    },
    Object {
      "Index": 1,
      "KeyDerivationId": 28,
      "Parent": 26,
      "PrivateKeyId": null,
      "PublicKeyId": null,
    },
    Object {
      "Index": 2,
      "KeyDerivationId": 29,
      "Parent": 26,
      "PrivateKeyId": null,
      "PublicKeyId": null,
    },
    Object {
      "Index": 3,
      "KeyDerivationId": 30,
      "Parent": 26,
      "PrivateKeyId": null,
      "PublicKeyId": null,
    },
    Object {
      "Index": 4,
      "KeyDerivationId": 31,
      "Parent": 26,
      "PrivateKeyId": null,
      "PublicKeyId": null,
    },
    Object {
      "Index": 5,
      "KeyDerivationId": 32,
      "Parent": 26,
      "PrivateKeyId": null,
      "PublicKeyId": null,
    },
    Object {
      "Index": 6,
      "KeyDerivationId": 33,
      "Parent": 26,
      "PrivateKeyId": null,
      "PublicKeyId": null,
    },
    Object {
      "Index": 7,
      "KeyDerivationId": 34,
      "Parent": 26,
      "PrivateKeyId": null,
      "PublicKeyId": null,
    },
    Object {
      "Index": 8,
      "KeyDerivationId": 35,
      "Parent": 26,
      "PrivateKeyId": null,
      "PublicKeyId": null,
    },
    Object {
      "Index": 9,
      "KeyDerivationId": 36,
      "Parent": 26,
      "PrivateKeyId": null,
      "PublicKeyId": null,
    },
    Object {
      "Index": 10,
      "KeyDerivationId": 37,
      "Parent": 26,
      "PrivateKeyId": null,
      "PublicKeyId": null,
    },
    Object {
      "Index": 11,
      "KeyDerivationId": 38,
      "Parent": 26,
      "PrivateKeyId": null,
      "PublicKeyId": null,
    },
    Object {
      "Index": 12,
      "KeyDerivationId": 39,
      "Parent": 26,
      "PrivateKeyId": null,
      "PublicKeyId": null,
    },
    Object {
      "Index": 13,
      "KeyDerivationId": 40,
      "Parent": 26,
      "PrivateKeyId": null,
      "PublicKeyId": null,
    },
    Object {
      "Index": 14,
      "KeyDerivationId": 41,
      "Parent": 26,
      "PrivateKeyId": null,
      "PublicKeyId": null,
    },
    Object {
      "Index": 15,
      "KeyDerivationId": 42,
      "Parent": 26,
      "PrivateKeyId": null,
      "PublicKeyId": null,
    },
    Object {
      "Index": 16,
      "KeyDerivationId": 43,
      "Parent": 26,
      "PrivateKeyId": null,
      "PublicKeyId": null,
    },
    Object {
      "Index": 17,
      "KeyDerivationId": 44,
      "Parent": 26,
      "PrivateKeyId": null,
      "PublicKeyId": null,
    },
    Object {
      "Index": 18,
      "KeyDerivationId": 45,
      "Parent": 26,
      "PrivateKeyId": null,
      "PublicKeyId": null,
    },
    Object {
      "Index": 19,
      "KeyDerivationId": 46,
      "Parent": 26,
      "PrivateKeyId": null,
      "PublicKeyId": null,
    },
    Object {
      "Index": 2147483649,
      "KeyDerivationId": 47,
      "Parent": 3,
      "PrivateKeyId": null,
      "PublicKeyId": 3,
    },
    Object {
      "Index": 0,
      "KeyDerivationId": 48,
      "Parent": 47,
      "PrivateKeyId": null,
      "PublicKeyId": null,
    },
    Object {
      "Index": 1,
      "KeyDerivationId": 49,
      "Parent": 47,
      "PrivateKeyId": null,
      "PublicKeyId": null,
    },
  ],
  "LastSyncInfo": Array [
    Object {
      "BlockHash": null,
      "Height": 0,
      "LastSyncInfoId": 1,
      "SlotNum": null,
      "Time": null,
    },
    Object {
      "BlockHash": null,
      "Height": 0,
      "LastSyncInfoId": 2,
      "SlotNum": null,
      "Time": null,
    },
  ],
  "PublicDeriver": Array [
    Object {
      "ConceptualWalletId": 1,
      "Index": 0,
      "KeyDerivationId": 4,
      "LastSyncInfoId": 1,
      "Name": "",
      "PublicDeriverId": 1,
    },
    Object {
      "ConceptualWalletId": 1,
      "Index": 1,
      "KeyDerivationId": 47,
      "LastSyncInfoId": 2,
      "Name": "Checking account",
      "PublicDeriverId": 2,
    },
  ],
  "PurposeDerivation": Array [
    Object {
      "KeyDerivationId": 2,
      "PurposeDerivationId": 1,
    },
  ],
  "RootDerivation": Array [
    Object {
      "KeyDerivationId": 1,
      "RootDerivationId": 1,
    },
  ],
  "Transaction": Array [],
  "UtxoTransactionInput": Array [],
  "UtxoTransactionOutput": Array [],
}
`;
