// Jest Snapshot v1, https://goo.gl/fbAQLP

exports[`Syncing simple transaction bip44 1`] = `
Array [
  Object {
    "Address": Array [
      Object {
        "AddressId": 1,
        "Digest": -5.18814298093809e+161,
        "Hash": "Ae2tdPwUPEZCfyggUgSxD1E5UCx5f5hrXCdvQjJszxE7epyZ4ox9vRNUbHf",
        "Type": 0,
      },
      Object {
        "AddressId": 2,
        "Digest": 4.005897187270229e+39,
        "Hash": "Ae2tdPwUPEZFXnw5T5aXoaP28yw4mRLeYomaG9mPGCFbPUtw368ZWYKp1zM",
        "Type": 0,
      },
      Object {
        "AddressId": 3,
        "Digest": -1.9091532612969177e-131,
        "Hash": "Ae2tdPwUPEZ8gpDazyi8VtcGMnMrkpKxts6ppCT45mdT6WMZEwHXs7pP8Tg",
        "Type": 0,
      },
      Object {
        "AddressId": 4,
        "Digest": -2.400376372464157e+124,
        "Hash": "Ae2tdPwUPEZBFhEBZgvm3fQeuW2zBPochfQehFtXn6tCRQy7zsQ9Px88jsH",
        "Type": 0,
      },
      Object {
        "AddressId": 5,
        "Digest": 9.948420953505185e-47,
        "Hash": "Ae2tdPwUPEZ6tzHKyuMLL6bh1au5DETgb53PTmJAN9aaCLtaUTWHvrS2mxo",
        "Type": 0,
      },
      Object {
        "AddressId": 6,
        "Digest": 9.326602089821879e-30,
        "Hash": "Ae2tdPwUPEYxzZH7sSyyXK6DDmjCxRajXUXFqbEjtxfPN7HZzQfXr4hxKwT",
        "Type": 0,
      },
      Object {
        "AddressId": 7,
        "Digest": 4.871145213048404e-43,
        "Hash": "Ae2tdPwUPEZMUQdcxu6AEoq9wzL8mtSCKhWUNhYjXqq1aenwimnLaCit1FY",
        "Type": 0,
      },
      Object {
        "AddressId": 8,
        "Digest": 6.75274668731026e+61,
        "Hash": "Ae2tdPwUPEYw9VvB1BQqgGd8XzNfgz4mv9gBjB9P8EtvPQfz4D8Gt4xnQog",
        "Type": 0,
      },
      Object {
        "AddressId": 9,
        "Digest": -7.631163428764417e+276,
        "Hash": "Ae2tdPwUPEYxYn4T89ffVqpDwqwsMDAZTcfnWBqAkjoem5sgaVKGU3FUB2E",
        "Type": 0,
      },
      Object {
        "AddressId": 10,
        "Digest": -1.6017303425870374e-101,
        "Hash": "Ae2tdPwUPEZBZ9aYboQuf5PFcjuZRCosBhLkUCxSQw1vqk3iyK5qGo5CJWe",
        "Type": 0,
      },
      Object {
        "AddressId": 11,
        "Digest": -6.537349771934158e+223,
        "Hash": "Ae2tdPwUPEZ4yCaYs3j7pPPaM9iA3KLruJkKjmUBBLKYzpJUHutWdS6EkKa",
        "Type": 0,
      },
      Object {
        "AddressId": 12,
        "Digest": -5.3866774008751e-237,
        "Hash": "Ae2tdPwUPEZ5zV8wqC9gPvkDtr2MS3Ys2vQbyPdM4wsdnzevbqnaJFg62hk",
        "Type": 0,
      },
      Object {
        "AddressId": 13,
        "Digest": 1.382203475035168e-237,
        "Hash": "Ae2tdPwUPEZAD1KmgTQ4zS6Q5s4VXWDXqB3ZmM1abQGoyrGN8qCsZyXc3vf",
        "Type": 0,
      },
      Object {
        "AddressId": 14,
        "Digest": 2.490260903712286e+254,
        "Hash": "Ae2tdPwUPEZ1SFwQMGroCTabfCPJ1RiK8D2F11C1vTMi14tX1XK2uogRWqM",
        "Type": 0,
      },
      Object {
        "AddressId": 15,
        "Digest": 1.1423435570016581e+77,
        "Hash": "Ae2tdPwUPEZJ8CiSFVipoupUVBGRAVbmbpmKPCXsExcwzZd6FcNpAcExY1r",
        "Type": 0,
      },
      Object {
        "AddressId": 16,
        "Digest": 1.1025868598519032e-268,
        "Hash": "Ae2tdPwUPEZCeLRPNcreMQAAfJFs9ZzBeFK9pUXhMnL3ooQP9TajasVsYKK",
        "Type": 0,
      },
      Object {
        "AddressId": 17,
        "Digest": 6.802372910540179e+76,
        "Hash": "Ae2tdPwUPEZGvzYwTSUZhTxDviZSKqLZDYVkcT4rLqckFXvdTMv21CinTCd",
        "Type": 0,
      },
      Object {
        "AddressId": 18,
        "Digest": 1.0898173340677806e+293,
        "Hash": "Ae2tdPwUPEZKEsQJxXQvRJHLCWRGFQNWFgHhroEw9GGXV25wRBH8TAmwCRi",
        "Type": 0,
      },
      Object {
        "AddressId": 19,
        "Digest": -1.4835020475302562e+52,
        "Hash": "Ae2tdPwUPEZ6u2i2u4iLhd9Rq4rUBsVaMpqQWuTCXMitMmugcsr9iANjNEE",
        "Type": 0,
      },
      Object {
        "AddressId": 20,
        "Digest": 1.0753995066668421e+154,
        "Hash": "Ae2tdPwUPEYxsngJhnW49jrmGuaCvQK34Hqrnx5w5SWxgfjDkSDcnrRdT5G",
        "Type": 0,
      },
      Object {
        "AddressId": 21,
        "Digest": 1.5842207841682243e-196,
        "Hash": "Ae2tdPwUPEZ3Kt2BJnDMQggxEA4c9MTagByH41rJkv2k82dBch2nqMAdyHJ",
        "Type": 0,
      },
      Object {
        "AddressId": 22,
        "Digest": 1.8819557589593857e+126,
        "Hash": "Ae2tdPwUPEYzRJEAdyX24mYTmKx8dMHYQgxkBcgnsdFHPPvmySMS9cspZmj",
        "Type": 0,
      },
      Object {
        "AddressId": 23,
        "Digest": -1.6768419216602427e+93,
        "Hash": "Ae2tdPwUPEZ5yxTy5wcVmUXP5xkkDSXfrgqWp8Px6knmUiFjJEytBGXfWoS",
        "Type": 0,
      },
      Object {
        "AddressId": 24,
        "Digest": -2.5950200694100975e-154,
        "Hash": "Ae2tdPwUPEZ3pKEVL1tMmz8EzaE9Hyn2cVJKf3TFVCjw7xeLFBdJngUXPXG",
        "Type": 0,
      },
      Object {
        "AddressId": 25,
        "Digest": -6.28195010657389e+125,
        "Hash": "Ae2tdPwUPEZLhFMGWjMpCWwsUiN58DkKmtg6r7dFJfXhmUyzNGPb2Crg141",
        "Type": 0,
      },
      Object {
        "AddressId": 26,
        "Digest": 1.8038527609850763e-30,
        "Hash": "Ae2tdPwUPEZBTYWkpudmAYdyQM9CHcV9orEVnVSan6EP2xNApB5bLE1XsKF",
        "Type": 0,
      },
      Object {
        "AddressId": 27,
        "Digest": -3.2738732077215015e+237,
        "Hash": "Ae2tdPwUPEYzdEoDVNdvLz6kFgVsjEyUJ1z3mHzAT1HotQk31tRvGNM4tge",
        "Type": 0,
      },
      Object {
        "AddressId": 28,
        "Digest": 6.009965811065196e+234,
        "Hash": "Ae2tdPwUPEZ2NvzdECB18z3SBTc8SVvx1PJuxPKsnncygEZeeKNaAeBeLDg",
        "Type": 0,
      },
      Object {
        "AddressId": 29,
        "Digest": -3.412056347004804e-256,
        "Hash": "Ae2tdPwUPEZ3iMfnFWSM3zeqpNwAdT62jNgiA27x1ZEacpfVbViYWb7gyNP",
        "Type": 0,
      },
      Object {
        "AddressId": 30,
        "Digest": -1.4607797017835113e-25,
        "Hash": "Ae2tdPwUPEYykz6FbkuRf9ScRwZc8F1xobMPyzECjsdMyqobn2tVpL6pdDW",
        "Type": 0,
      },
      Object {
        "AddressId": 31,
        "Digest": -1.5492234544082762e+72,
        "Hash": "Ae2tdPwUPEZ8SUET76NhRhJ6TNLW48csZ4e87hu6JYobQvVTKSYDMPBU5Xa",
        "Type": 0,
      },
      Object {
        "AddressId": 32,
        "Digest": 6.397199081168596e-249,
        "Hash": "Ae2tdPwUPEZBryPRKuib729PQNSBxzgXsTVwmg3CWQjZaAS7pj4WZNa3VR6",
        "Type": 0,
      },
      Object {
        "AddressId": 33,
        "Digest": 2.699654694740964e-163,
        "Hash": "Ae2tdPwUPEZ6yyMqXFEYmLvqXqktpU8LR6oW8qVbaap7R2YJGc9xDbs2Eb6",
        "Type": 0,
      },
      Object {
        "AddressId": 34,
        "Digest": 3.2672025499521527e-301,
        "Hash": "Ae2tdPwUPEZ4gRK6Qhj3Mo4tSU4LkRiqVgsQm6rg8YBGC6fqVLNqA9REr7c",
        "Type": 0,
      },
      Object {
        "AddressId": 35,
        "Digest": 5.473082144527723e-299,
        "Hash": "Ae2tdPwUPEZ3xWm3GHFVNtVWcnyTGpSF6AjyhZJY3DuSGvf3WvwLzkBisFw",
        "Type": 0,
      },
      Object {
        "AddressId": 36,
        "Digest": -9.504830601258996e-107,
        "Hash": "Ae2tdPwUPEZL9BqYXyY6zQQoatsWbkcN6g46NfvCfaE8mQppcVgentdAXeo",
        "Type": 0,
      },
      Object {
        "AddressId": 37,
        "Digest": -2.255481392460208e-13,
        "Hash": "Ae2tdPwUPEYzxRSsoqFY2Ym7zQfSdosY1bdK8KZTEjPjcobHd3GbZ3qZpvB",
        "Type": 0,
      },
      Object {
        "AddressId": 38,
        "Digest": -3.382255898780831e+65,
        "Hash": "Ae2tdPwUPEZEdntBfWRH5ucNrQd7RwPjZ2QZEkxJbsJDBrCGnTtjqfb8Aph",
        "Type": 0,
      },
      Object {
        "AddressId": 39,
        "Digest": 6.040400230567571e+220,
        "Hash": "Ae2tdPwUPEZKDMDuUZBUSokAzeJwNpqHorYEPuycXBMMFameoVFkxwpLheC",
        "Type": 0,
      },
      Object {
        "AddressId": 40,
        "Digest": -1.2798377351521785e-185,
        "Hash": "Ae2tdPwUPEZ2E4XNPVarvndsmkC8n2vS9rXJfCxny9oVacViLRDpeKioaAc",
        "Type": 0,
      },
      Object {
        "AddressId": 41,
        "Digest": -9.025457824603973e-263,
        "Hash": "Ae2tdPwUPEZGLVbFwK5EnWiFxwWwLjVtV3CNzy7Hu7tB5nqFxS31uGjjhoc",
        "Type": 0,
      },
      Object {
        "AddressId": 42,
        "Digest": 1.1818631573252547e+260,
        "Hash": "Ae2tdPwUPEZAbDBFpgzALfryWbvDtx6H6BMynDxWFuThQthW7HX93yJ3wRS",
        "Type": 0,
      },
      Object {
        "AddressId": 43,
        "Digest": 9.63310794314538e+77,
        "Hash": "Ae2tdPwUPEZHGGpp6RV9N9qPsAjHFWfbQzoD9unBmPDoJpMQW129GWPVU1X",
        "Type": 0,
      },
      Object {
        "AddressId": 44,
        "Digest": 6.76870982609025e-270,
        "Hash": "Ae2tdPwUPEZER8C9NenMmUEAJGK9RSWobjiFDT7WpgJS9ds6vQGC56bLWru",
        "Type": 0,
      },
      Object {
        "AddressId": 45,
        "Digest": 1.0436818264311515e+75,
        "Hash": "Ae2tdPwUPEZA1FMwMGX4dUUHRkWmJCvbq7HTwY9d7tYJcaiUukuKuvKUK17",
        "Type": 0,
      },
      Object {
        "AddressId": 46,
        "Digest": -7.580396770150627e+58,
        "Hash": "Ae2tdPwUPEZ1VFK6UAZXieGhXTiwmvhww8BRHrQZih6HhyY8TWpi8nMcYQP",
        "Type": 0,
      },
      Object {
        "AddressId": 47,
        "Digest": -2.0857107032764219e+102,
        "Hash": "Ae2tdPwUPEZMLBFMYpYyzZ8RhD1WYTsySX3TBYrLcahQumv988a9JantSN7",
        "Type": 0,
      },
      Object {
        "AddressId": 48,
        "Digest": -3.2260945966024716e-132,
        "Hash": "Ae2tdPwUPEZHeV5Aw4NeKBJHnmwBAM9TPFv57CjAFxVy51UKTQz15XvSCXd",
        "Type": 0,
      },
      Object {
        "AddressId": 49,
        "Digest": -2.6600241498000404e-110,
        "Hash": "Ae2tdPwUPEZ4qAp6G2fyjGS3huVb1rShusVCZ92nh1WroRenwrwmEwf5eSG",
        "Type": 0,
      },
      Object {
        "AddressId": 50,
        "Digest": 8.372553917013652e-62,
        "Hash": "Ae2tdPwUPEZLkeDoNur6ChumZ1dnUZpk4wuy7vkThBF3pwysRYgAKqfU1T2",
        "Type": 0,
      },
      Object {
        "AddressId": 51,
        "Digest": 6.497471248988477e+197,
        "Hash": "Ae2tdPwUPEZ636WmYoSX9RnoSq9S1Z9C8eqMHF1gzm1pVFLMGScDtRvmvJn",
        "Type": 0,
      },
      Object {
        "AddressId": 52,
        "Digest": -136958.2786296707,
        "Hash": "Ae2tdPwUPEZ6Y84dDBcYTvKJ84LjtM7p65G5k3VCGL3xqd1YUMwwuRd49n1",
        "Type": 0,
      },
      Object {
        "AddressId": 53,
        "Digest": 4.0549130606379917e-197,
        "Hash": "Ae2tdPwUPEYw49hbVsS5HuQXMCRfd8JJnHKbSAoR5pdXP1t2icY57H2Y1VZ",
        "Type": 0,
      },
      Object {
        "AddressId": 54,
        "Digest": 65950010367.34992,
        "Hash": "Ae2tdPwUPEZJRqwLGCEWtzh3x4ed6tU2Sc1ZocYumTcCrPtWBYXSB9W4f1y",
        "Type": 0,
      },
      Object {
        "AddressId": 55,
        "Digest": 6.402013703604938e-52,
        "Hash": "Ae2tdPwUPEZFaztBZm7xR1fQCsmvCQXXqnViSQLP2RrpkXSBAFiXPxhAx4w",
        "Type": 0,
      },
      Object {
        "AddressId": 56,
        "Digest": -1.0071115368877914e-168,
        "Hash": "Ae2tdPwUPEZFq9wwNRTZcS3ZMNdDTXMpdpj88AqN3v8BDsZPhi6cyvbhc3J",
        "Type": 0,
      },
      Object {
        "AddressId": 57,
        "Digest": 2.294204251083082e+248,
        "Hash": "Ae2tdPwUPEZL2tmMCcJAR7hTKT5Lw6UKuDJEx7HATAM23W2fYT5dfPu7ysK",
        "Type": 0,
      },
      Object {
        "AddressId": 58,
        "Digest": -2.483365207970435e+162,
        "Hash": "Ae2tdPwUPEZLzMRNNuk1M26RE96Q3oicuSkkGh9hm6Z67mTacMpHYMDfb4R",
        "Type": 0,
      },
      Object {
        "AddressId": 59,
        "Digest": -3.129598712713733e+278,
        "Hash": "Ae2tdPwUPEYyjAp63drJz2DXy8mnkhwMbN7DYpJi5kChKposAV3JJdiitcw",
        "Type": 0,
      },
      Object {
        "AddressId": 60,
        "Digest": -1.364248869057862e+297,
        "Hash": "Ae2tdPwUPEZDhCLbuj3At8Les312ZiztNRYkrcM2x8Xweyksx8dkpWTWaJY",
        "Type": 0,
      },
      Object {
        "AddressId": 61,
        "Digest": 1.002102492702943e-277,
        "Hash": "Ae2tdPwUPEZ3o8HadjafhGnNEqxwQm4V98Nm3kADDsfTv8QE2Ytpe2L8TSL",
        "Type": 0,
      },
      Object {
        "AddressId": 62,
        "Digest": 5.279862830358589e+104,
        "Hash": "Ae2tdPwUPEZMqBcio9oUMLZVikVjtJDqojjUaZWVKriUiY1ao7SjijojrKT",
        "Type": 0,
      },
      Object {
        "AddressId": 63,
        "Digest": -156.28031338330428,
        "Hash": "Ae2tdPwUPEZ6hEWm4aZF98ZUvt21pmJ167c9ogSSaMuVbCuSXcEJYL5Wpsh",
        "Type": 0,
      },
      Object {
        "AddressId": 64,
        "Digest": 16809971849.518396,
        "Hash": "Ae2tdPwUPEZMYCjF96pdqRJjChSnjP6g3WosspXF43iLWMPwoke44xrFmkE",
        "Type": 0,
      },
      Object {
        "AddressId": 65,
        "Digest": 2.9414967803734833e-248,
        "Hash": "Ae2tdPwUPEZ9xKqT4SgizdSVvVxJpXtSoyLZRx8NrAGE5WwaP9myJWnTJy4",
        "Type": 0,
      },
      Object {
        "AddressId": 66,
        "Digest": -2.394840507741464e-65,
        "Hash": "Ae2tdPwUPEZ7tyi5Qnb7bsNiMo4oUmo9fz37wwj8vBRkVnUKmmt6F1C5Z8Y",
        "Type": 0,
      },
      Object {
        "AddressId": 67,
        "Digest": 4.1418454565382544e-283,
        "Hash": "Ae2tdPwUPEZ9o9rcWC7KB8dx6iGyjDZWqdLEvyBnCcgxuPBzJ8nreCe8PsR",
        "Type": 0,
      },
      Object {
        "AddressId": 68,
        "Digest": -2.355365612061687e+167,
        "Hash": "Ae2tdPwUPEZCXTugWAZvEX9BgLeANUk3UPyrjE5Ca29vkHJHvexfotqpAQm",
        "Type": 0,
      },
      Object {
        "AddressId": 69,
        "Digest": -7.571235117191905e-281,
        "Hash": "Ae2tdPwUPEZFnbrC8jKrknsfANCnHaPsFNdR9JYirtrx6VtZZfNRTnkggLj",
        "Type": 0,
      },
      Object {
        "AddressId": 70,
        "Digest": 2.322008179810691e-60,
        "Hash": "Ae2tdPwUPEZN9GLFcHTn7qq8pVDrm7FSnRqEWA4kGTtfbDvq9Pqp6AsK8Uf",
        "Type": 0,
      },
      Object {
        "AddressId": 71,
        "Digest": 3.1514082911368913e+42,
        "Hash": "Ae2tdPwUPEZ6S5Rgoy5r6PXntD7nSmBNXFXp97KGwF25me4p8bwRAgF2sE6",
        "Type": 0,
      },
      Object {
        "AddressId": 72,
        "Digest": 1.0900812350967563e+263,
        "Hash": "Ae2tdPwUPEZ1xReAoHd7YgTHDWnMkXpyWXkWVvNKyN2vTAZ6iiFYkHQU2pj",
        "Type": 0,
      },
      Object {
        "AddressId": 73,
        "Digest": 1.500810865337399e+306,
        "Hash": "Ae2tdPwUPEZFbSnPQS7Vwio5ot1iRoegxmgybWBqeNaweMabGhVsvyn4G6F",
        "Type": 0,
      },
      Object {
        "AddressId": 74,
        "Digest": 9.555353392682676e-239,
        "Hash": "Ae2tdPwUPEZDmoM4GHBjsCLdA3DptjtFe9QcPQMQoEMTan8Zs22s88rvG1X",
        "Type": 0,
      },
      Object {
        "AddressId": 75,
        "Digest": -1.1847535255335976e-153,
        "Hash": "Ae2tdPwUPEZM7t7bwzFL9dsn6Jwd4JZq4TJdohg6vKompmP9SC5KSj8BH85",
        "Type": 0,
      },
      Object {
        "AddressId": 76,
        "Digest": 4.7259467928126684e+269,
        "Hash": "Ae2tdPwUPEZBvrmnYioEV5a4jYNH3d9MwjGVCdGKMA4PJTbYPZUyHUbrhCa",
        "Type": 0,
      },
      Object {
        "AddressId": 77,
        "Digest": -1.876686533835199e+253,
        "Hash": "Ae2tdPwUPEYy3ZWpqDAs3dc5oKzeV1vXtMTvgN7xfmysXzQFxrmCnJhjgzc",
        "Type": 0,
      },
      Object {
        "AddressId": 78,
        "Digest": 9.889119617163713e-71,
        "Hash": "Ae2tdPwUPEZ9hBaFhSY5bHeK5D9QrXUPgqX4mUApSgXwnm13Mvs1SLcFdni",
        "Type": 0,
      },
      Object {
        "AddressId": 79,
        "Digest": 8.599893065374367e+273,
        "Hash": "Ae2tdPwUPEZCyruFvsbsLuaRqPmwGQi3UV5a3EPQUtT6u9GD72bjJW1ndmV",
        "Type": 0,
      },
      Object {
        "AddressId": 80,
        "Digest": 1.2397318761377597e+75,
        "Hash": "Ae2tdPwUPEZCcB3Uc1UdANDyNP7r6Dk92AnCi1CVPSJzJM8nCfksBK8M7Ef",
        "Type": 0,
      },
      Object {
        "AddressId": 81,
        "Digest": -1.3416871383074957e-161,
        "Hash": "Ae2tdPwUPEYxD5EgazsN7DcLp2fFiak1RTco6CoDNioKVuodftS4oNeabwz",
        "Type": 0,
      },
      Object {
        "AddressId": 82,
        "Digest": 2.414293239739638e-47,
        "Hash": "Ae2tdPwUPEZFqcMbS757FyZrABDZUVtzEW4sPvzZj3UYBcn8BSWFBxmQK2n",
        "Type": 0,
      },
      Object {
        "AddressId": 83,
        "Digest": 1.1036862858872953e+216,
        "Hash": "Ae2tdPwUPEZGR3uPidVc5p1cSnV9KDzDxrrembeFhLYMgFAa4KHpTqmncFQ",
        "Type": 0,
      },
      Object {
        "AddressId": 84,
        "Digest": -2.938948476649332e-97,
        "Hash": "Ae2tdPwUPEZEvn7nMBBaBMCc773zeMCPsS93tDsFvyZw4quRbnq5bnP1i8F",
        "Type": 0,
      },
      Object {
        "AddressId": 85,
        "Digest": 8.159203653530658e-92,
        "Hash": "Ae2tdPwUPEZAzQ7FdZ8ksAjK7iVGzjMKUxWqkQLF52oGxWBNfyDRocqJwBT",
        "Type": 0,
      },
      Object {
        "AddressId": 86,
        "Digest": -1.2688708748746819e-61,
        "Hash": "Ae2tdPwUPEZ5PxKxoyZDgjsKgMWMpTRa4PH3sVgARSGBsWwNBH3qg7cMFsP",
        "Type": 0,
      },
      Object {
        "AddressId": 87,
        "Digest": -9.025457824603973e-263,
        "Hash": "Ae2tdPwUPEZGLVbFwK5EnWiFxwWwLjVtV3CNzy7Hu7tB5nqFxS31uGjjhoc",
        "Type": 0,
      },
      Object {
        "AddressId": 88,
        "Digest": -4.500292414571442e-79,
        "Hash": "Ae2tdPwUPEZ1S8S3U3uiQmHsmrZYj4uueT4dB8VvHJMpSzzGA7GAopct6VF",
        "Type": 0,
      },
      Object {
        "AddressId": 89,
        "Digest": -1.2688708748746819e-61,
        "Hash": "Ae2tdPwUPEZ5PxKxoyZDgjsKgMWMpTRa4PH3sVgARSGBsWwNBH3qg7cMFsP",
        "Type": 0,
      },
      Object {
        "AddressId": 90,
        "Digest": 9.948420953505185e-47,
        "Hash": "Ae2tdPwUPEZ6tzHKyuMLL6bh1au5DETgb53PTmJAN9aaCLtaUTWHvrS2mxo",
        "Type": 0,
      },
    ],
  },
  Object {
    "Block": Array [
      Object {
        "BlockId": 1,
        "BlockTime": 2019-09-13T16:37:16.000Z,
        "Digest": -9.690691258114666e-56,
        "Hash": "a9835cc1e0f9b6c239aec4c446a6e181b7db6a80ad53cc0b04f70c6b85e9ba25",
        "Height": 1,
        "SlotNum": 1,
      },
    ],
  },
  Object {
    "LastSyncInfo": Array [
      Object {
        "BlockHash": "a9835cc1e0f9b6c239aec4c446a6e181b7db6a80ad53cc0b04f70c6b85e9ba25",
        "Height": 1,
        "LastSyncInfoId": 1,
        "SlotNum": 1,
        "Time": 1970-01-01T00:00:00.000Z,
      },
      Object {
        "BlockHash": null,
        "Height": 0,
        "LastSyncInfoId": 2,
        "SlotNum": null,
        "Time": 1970-01-01T00:00:00.002Z,
      },
    ],
  },
  Object {
    "Token": Array [
      Object {
        "Digest": 6.262633522161549e-167,
        "Identifier": "",
        "IsDefault": true,
        "Metadata": Object {
          "assetName": "",
          "longName": null,
          "numberOfDecimals": 6,
          "policyId": "",
          "ticker": "ADA",
          "type": "Cardano",
        },
        "NetworkId": 0,
        "TokenId": 1,
      },
      Object {
        "Digest": 6.262633522161549e-167,
        "Identifier": "",
        "IsDefault": true,
        "Metadata": Object {
          "assetName": "",
          "longName": null,
          "numberOfDecimals": 6,
          "policyId": "",
          "ticker": "ADA",
          "type": "Cardano",
        },
        "NetworkId": 100,
        "TokenId": 2,
      },
      Object {
        "Digest": 6.262633522161549e-167,
        "Identifier": "",
        "IsDefault": true,
        "Metadata": Object {
          "boxId": "",
          "description": null,
          "height": 0,
          "longName": null,
          "numberOfDecimals": 9,
          "ticker": "ERG",
          "type": "Ergo",
        },
        "NetworkId": 200,
        "TokenId": 3,
      },
      Object {
        "Digest": 6.262633522161549e-167,
        "Identifier": "",
        "IsDefault": true,
        "Metadata": Object {
          "assetName": "",
          "longName": null,
          "numberOfDecimals": 6,
          "policyId": "",
          "ticker": "TADA",
          "type": "Cardano",
        },
        "NetworkId": 300,
        "TokenId": 4,
      },
    ],
  },
  Object {
    "TokenList": Array [
      Object {
        "Amount": "4000000",
        "ListId": 0,
        "TokenId": 1,
        "TokenListItemId": 1,
      },
      Object {
        "Amount": "2100000",
        "ListId": 1,
        "TokenId": 1,
        "TokenListItemId": 2,
      },
      Object {
        "Amount": "2700000",
        "ListId": 2,
        "TokenId": 1,
        "TokenListItemId": 3,
      },
      Object {
        "Amount": "4000000",
        "ListId": 3,
        "TokenId": 1,
        "TokenListItemId": 4,
      },
      Object {
        "Amount": "2100000",
        "ListId": 4,
        "TokenId": 1,
        "TokenListItemId": 5,
      },
      Object {
        "Amount": "2700000",
        "ListId": 5,
        "TokenId": 1,
        "TokenListItemId": 6,
      },
    ],
  },
  Object {
    "Transaction": Array [
      Object {
        "BlockId": 1,
        "Digest": 8.191593645542673e-27,
        "ErrorMessage": null,
        "Extra": null,
        "Hash": "29f2fe214ec2c9b05773a689eca797e903adeaaf51dfe20782a4bf401e7ed545",
        "LastUpdateTime": 1568392636000,
        "Ordinal": 0,
        "Status": 1,
        "TransactionId": 1,
        "Type": 0,
      },
      Object {
        "BlockId": 1,
        "Digest": 8.191593645542673e-27,
        "ErrorMessage": null,
        "Extra": null,
        "Hash": "29f2fe214ec2c9b05773a689eca797e903adeaaf51dfe20782a4bf401e7ed545",
        "LastUpdateTime": 1568392636000,
        "Ordinal": 0,
        "Status": -2,
        "TransactionId": 2,
        "Type": 0,
      },
    ],
  },
  Object {
    "UtxoTransactionInput": Array [
      Object {
        "AddressId": 86,
        "IndexInOwnTx": 0,
        "IndexInParentTx": 0,
        "ParentTxHash": "9c8d3c4fe576f8c99d8ad6ba5d889f5a9f2d7fe07dc17b3f425f5d17696f3d20",
        "TokenListId": 0,
        "TransactionId": 1,
        "UtxoTransactionInputId": 1,
      },
      Object {
        "AddressId": 89,
        "IndexInOwnTx": 0,
        "IndexInParentTx": 0,
        "ParentTxHash": "9c8d3c4fe576f8c99d8ad6ba5d889f5a9f2d7fe07dc17b3f425f5d17696f3d20",
        "TokenListId": 3,
        "TransactionId": 2,
        "UtxoTransactionInputId": 2,
      },
    ],
  },
  Object {
    "UtxoTransactionOutput": Array [
      Object {
        "AddressId": 5,
        "ErgoBoxId": null,
        "ErgoCreationHeight": null,
        "ErgoRegisters": null,
        "ErgoTree": null,
        "IsUnspent": true,
        "OutputIndex": 0,
        "TokenListId": 1,
        "TransactionId": 1,
        "UtxoTransactionOutputId": 1,
      },
      Object {
        "AddressId": 87,
        "ErgoBoxId": null,
        "ErgoCreationHeight": null,
        "ErgoRegisters": null,
        "ErgoTree": null,
        "IsUnspent": true,
        "OutputIndex": 1,
        "TokenListId": 2,
        "TransactionId": 1,
        "UtxoTransactionOutputId": 2,
      },
      Object {
        "AddressId": 90,
        "ErgoBoxId": null,
        "ErgoCreationHeight": null,
        "ErgoRegisters": null,
        "ErgoTree": null,
        "IsUnspent": true,
        "OutputIndex": 0,
        "TokenListId": 4,
        "TransactionId": 2,
        "UtxoTransactionOutputId": 3,
      },
      Object {
        "AddressId": 41,
        "ErgoBoxId": null,
        "ErgoCreationHeight": null,
        "ErgoRegisters": null,
        "ErgoTree": null,
        "IsUnspent": true,
        "OutputIndex": 1,
        "TokenListId": 5,
        "TransactionId": 2,
        "UtxoTransactionOutputId": 4,
      },
    ],
  },
]
`;
