// Jest Snapshot v1, https://goo.gl/fbAQLP

exports[`Syncing simple transaction bip44 1`] = `
Array [
  Object {
    "AccountingTransactionInput": Array [
      Object {
        "AccountingTransactionInputId": 1,
        "AddressId": 64,
        "IndexInOwnTx": 0,
        "SpendingCounter": 0,
        "TokenListId": 4,
        "TransactionId": 2,
      },
    ],
  },
  Object {
    "Address": Array [
      Object {
        "AddressId": 1,
        "Digest": -5.18814298093809e+161,
        "Hash": "Ae2tdPwUPEZCfyggUgSxD1E5UCx5f5hrXCdvQjJszxE7epyZ4ox9vRNUbHf",
        "Type": 0,
      },
      Object {
        "AddressId": 2,
        "Digest": 4.005897187270229e+39,
        "Hash": "Ae2tdPwUPEZFXnw5T5aXoaP28yw4mRLeYomaG9mPGCFbPUtw368ZWYKp1zM",
        "Type": 0,
      },
      Object {
        "AddressId": 3,
        "Digest": -1.9091532612969177e-131,
        "Hash": "Ae2tdPwUPEZ8gpDazyi8VtcGMnMrkpKxts6ppCT45mdT6WMZEwHXs7pP8Tg",
        "Type": 0,
      },
      Object {
        "AddressId": 4,
        "Digest": -2.400376372464157e+124,
        "Hash": "Ae2tdPwUPEZBFhEBZgvm3fQeuW2zBPochfQehFtXn6tCRQy7zsQ9Px88jsH",
        "Type": 0,
      },
      Object {
        "AddressId": 5,
        "Digest": 9.948420953505185e-47,
        "Hash": "Ae2tdPwUPEZ6tzHKyuMLL6bh1au5DETgb53PTmJAN9aaCLtaUTWHvrS2mxo",
        "Type": 0,
      },
      Object {
        "AddressId": 6,
        "Digest": 9.326602089821879e-30,
        "Hash": "Ae2tdPwUPEYxzZH7sSyyXK6DDmjCxRajXUXFqbEjtxfPN7HZzQfXr4hxKwT",
        "Type": 0,
      },
      Object {
        "AddressId": 7,
        "Digest": 4.871145213048404e-43,
        "Hash": "Ae2tdPwUPEZMUQdcxu6AEoq9wzL8mtSCKhWUNhYjXqq1aenwimnLaCit1FY",
        "Type": 0,
      },
      Object {
        "AddressId": 8,
        "Digest": 6.75274668731026e+61,
        "Hash": "Ae2tdPwUPEYw9VvB1BQqgGd8XzNfgz4mv9gBjB9P8EtvPQfz4D8Gt4xnQog",
        "Type": 0,
      },
      Object {
        "AddressId": 9,
        "Digest": -7.631163428764417e+276,
        "Hash": "Ae2tdPwUPEYxYn4T89ffVqpDwqwsMDAZTcfnWBqAkjoem5sgaVKGU3FUB2E",
        "Type": 0,
      },
      Object {
        "AddressId": 10,
        "Digest": -1.6017303425870374e-101,
        "Hash": "Ae2tdPwUPEZBZ9aYboQuf5PFcjuZRCosBhLkUCxSQw1vqk3iyK5qGo5CJWe",
        "Type": 0,
      },
      Object {
        "AddressId": 11,
        "Digest": -6.537349771934158e+223,
        "Hash": "Ae2tdPwUPEZ4yCaYs3j7pPPaM9iA3KLruJkKjmUBBLKYzpJUHutWdS6EkKa",
        "Type": 0,
      },
      Object {
        "AddressId": 12,
        "Digest": -5.3866774008751e-237,
        "Hash": "Ae2tdPwUPEZ5zV8wqC9gPvkDtr2MS3Ys2vQbyPdM4wsdnzevbqnaJFg62hk",
        "Type": 0,
      },
      Object {
        "AddressId": 13,
        "Digest": 1.382203475035168e-237,
        "Hash": "Ae2tdPwUPEZAD1KmgTQ4zS6Q5s4VXWDXqB3ZmM1abQGoyrGN8qCsZyXc3vf",
        "Type": 0,
      },
      Object {
        "AddressId": 14,
        "Digest": 2.490260903712286e+254,
        "Hash": "Ae2tdPwUPEZ1SFwQMGroCTabfCPJ1RiK8D2F11C1vTMi14tX1XK2uogRWqM",
        "Type": 0,
      },
      Object {
        "AddressId": 15,
        "Digest": 1.1423435570016581e+77,
        "Hash": "Ae2tdPwUPEZJ8CiSFVipoupUVBGRAVbmbpmKPCXsExcwzZd6FcNpAcExY1r",
        "Type": 0,
      },
      Object {
        "AddressId": 16,
        "Digest": 1.1025868598519032e-268,
        "Hash": "Ae2tdPwUPEZCeLRPNcreMQAAfJFs9ZzBeFK9pUXhMnL3ooQP9TajasVsYKK",
        "Type": 0,
      },
      Object {
        "AddressId": 17,
        "Digest": 6.802372910540179e+76,
        "Hash": "Ae2tdPwUPEZGvzYwTSUZhTxDviZSKqLZDYVkcT4rLqckFXvdTMv21CinTCd",
        "Type": 0,
      },
      Object {
        "AddressId": 18,
        "Digest": 1.0898173340677806e+293,
        "Hash": "Ae2tdPwUPEZKEsQJxXQvRJHLCWRGFQNWFgHhroEw9GGXV25wRBH8TAmwCRi",
        "Type": 0,
      },
      Object {
        "AddressId": 19,
        "Digest": -1.4835020475302562e+52,
        "Hash": "Ae2tdPwUPEZ6u2i2u4iLhd9Rq4rUBsVaMpqQWuTCXMitMmugcsr9iANjNEE",
        "Type": 0,
      },
      Object {
        "AddressId": 20,
        "Digest": 1.0753995066668421e+154,
        "Hash": "Ae2tdPwUPEYxsngJhnW49jrmGuaCvQK34Hqrnx5w5SWxgfjDkSDcnrRdT5G",
        "Type": 0,
      },
      Object {
        "AddressId": 21,
        "Digest": 1.5842207841682243e-196,
        "Hash": "Ae2tdPwUPEZ3Kt2BJnDMQggxEA4c9MTagByH41rJkv2k82dBch2nqMAdyHJ",
        "Type": 0,
      },
      Object {
        "AddressId": 22,
        "Digest": 1.8819557589593857e+126,
        "Hash": "Ae2tdPwUPEYzRJEAdyX24mYTmKx8dMHYQgxkBcgnsdFHPPvmySMS9cspZmj",
        "Type": 0,
      },
      Object {
        "AddressId": 23,
        "Digest": -1.6768419216602427e+93,
        "Hash": "Ae2tdPwUPEZ5yxTy5wcVmUXP5xkkDSXfrgqWp8Px6knmUiFjJEytBGXfWoS",
        "Type": 0,
      },
      Object {
        "AddressId": 24,
        "Digest": -2.5950200694100975e-154,
        "Hash": "Ae2tdPwUPEZ3pKEVL1tMmz8EzaE9Hyn2cVJKf3TFVCjw7xeLFBdJngUXPXG",
        "Type": 0,
      },
      Object {
        "AddressId": 25,
        "Digest": -6.28195010657389e+125,
        "Hash": "Ae2tdPwUPEZLhFMGWjMpCWwsUiN58DkKmtg6r7dFJfXhmUyzNGPb2Crg141",
        "Type": 0,
      },
      Object {
        "AddressId": 26,
        "Digest": 1.8038527609850763e-30,
        "Hash": "Ae2tdPwUPEZBTYWkpudmAYdyQM9CHcV9orEVnVSan6EP2xNApB5bLE1XsKF",
        "Type": 0,
      },
      Object {
        "AddressId": 27,
        "Digest": -3.2738732077215015e+237,
        "Hash": "Ae2tdPwUPEYzdEoDVNdvLz6kFgVsjEyUJ1z3mHzAT1HotQk31tRvGNM4tge",
        "Type": 0,
      },
      Object {
        "AddressId": 28,
        "Digest": 6.009965811065196e+234,
        "Hash": "Ae2tdPwUPEZ2NvzdECB18z3SBTc8SVvx1PJuxPKsnncygEZeeKNaAeBeLDg",
        "Type": 0,
      },
      Object {
        "AddressId": 29,
        "Digest": -3.412056347004804e-256,
        "Hash": "Ae2tdPwUPEZ3iMfnFWSM3zeqpNwAdT62jNgiA27x1ZEacpfVbViYWb7gyNP",
        "Type": 0,
      },
      Object {
        "AddressId": 30,
        "Digest": -1.4607797017835113e-25,
        "Hash": "Ae2tdPwUPEYykz6FbkuRf9ScRwZc8F1xobMPyzECjsdMyqobn2tVpL6pdDW",
        "Type": 0,
      },
      Object {
        "AddressId": 31,
        "Digest": -1.5492234544082762e+72,
        "Hash": "Ae2tdPwUPEZ8SUET76NhRhJ6TNLW48csZ4e87hu6JYobQvVTKSYDMPBU5Xa",
        "Type": 0,
      },
      Object {
        "AddressId": 32,
        "Digest": 6.397199081168596e-249,
        "Hash": "Ae2tdPwUPEZBryPRKuib729PQNSBxzgXsTVwmg3CWQjZaAS7pj4WZNa3VR6",
        "Type": 0,
      },
      Object {
        "AddressId": 33,
        "Digest": 2.699654694740964e-163,
        "Hash": "Ae2tdPwUPEZ6yyMqXFEYmLvqXqktpU8LR6oW8qVbaap7R2YJGc9xDbs2Eb6",
        "Type": 0,
      },
      Object {
        "AddressId": 34,
        "Digest": 3.2672025499521527e-301,
        "Hash": "Ae2tdPwUPEZ4gRK6Qhj3Mo4tSU4LkRiqVgsQm6rg8YBGC6fqVLNqA9REr7c",
        "Type": 0,
      },
      Object {
        "AddressId": 35,
        "Digest": 5.473082144527723e-299,
        "Hash": "Ae2tdPwUPEZ3xWm3GHFVNtVWcnyTGpSF6AjyhZJY3DuSGvf3WvwLzkBisFw",
        "Type": 0,
      },
      Object {
        "AddressId": 36,
        "Digest": -9.504830601258996e-107,
        "Hash": "Ae2tdPwUPEZL9BqYXyY6zQQoatsWbkcN6g46NfvCfaE8mQppcVgentdAXeo",
        "Type": 0,
      },
      Object {
        "AddressId": 37,
        "Digest": -2.255481392460208e-13,
        "Hash": "Ae2tdPwUPEYzxRSsoqFY2Ym7zQfSdosY1bdK8KZTEjPjcobHd3GbZ3qZpvB",
        "Type": 0,
      },
      Object {
        "AddressId": 38,
        "Digest": -3.382255898780831e+65,
        "Hash": "Ae2tdPwUPEZEdntBfWRH5ucNrQd7RwPjZ2QZEkxJbsJDBrCGnTtjqfb8Aph",
        "Type": 0,
      },
      Object {
        "AddressId": 39,
        "Digest": 6.040400230567571e+220,
        "Hash": "Ae2tdPwUPEZKDMDuUZBUSokAzeJwNpqHorYEPuycXBMMFameoVFkxwpLheC",
        "Type": 0,
      },
      Object {
        "AddressId": 40,
        "Digest": -1.2798377351521785e-185,
        "Hash": "Ae2tdPwUPEZ2E4XNPVarvndsmkC8n2vS9rXJfCxny9oVacViLRDpeKioaAc",
        "Type": 0,
      },
      Object {
        "AddressId": 41,
        "Digest": -1.3416871383074957e-161,
        "Hash": "Ae2tdPwUPEYxD5EgazsN7DcLp2fFiak1RTco6CoDNioKVuodftS4oNeabwz",
        "Type": 0,
      },
      Object {
        "AddressId": 42,
        "Digest": 2.414293239739638e-47,
        "Hash": "Ae2tdPwUPEZFqcMbS757FyZrABDZUVtzEW4sPvzZj3UYBcn8BSWFBxmQK2n",
        "Type": 0,
      },
      Object {
        "AddressId": 43,
        "Digest": 1.1036862858872953e+216,
        "Hash": "Ae2tdPwUPEZGR3uPidVc5p1cSnV9KDzDxrrembeFhLYMgFAa4KHpTqmncFQ",
        "Type": 0,
      },
      Object {
        "AddressId": 44,
        "Digest": -2.938948476649332e-97,
        "Hash": "Ae2tdPwUPEZEvn7nMBBaBMCc773zeMCPsS93tDsFvyZw4quRbnq5bnP1i8F",
        "Type": 0,
      },
      Object {
        "AddressId": 45,
        "Digest": 8.159203653530658e-92,
        "Hash": "Ae2tdPwUPEZAzQ7FdZ8ksAjK7iVGzjMKUxWqkQLF52oGxWBNfyDRocqJwBT",
        "Type": 0,
      },
      Object {
        "AddressId": 46,
        "Digest": -1.2688708748746819e-61,
        "Hash": "Ae2tdPwUPEZ5PxKxoyZDgjsKgMWMpTRa4PH3sVgARSGBsWwNBH3qg7cMFsP",
        "Type": 0,
      },
      Object {
        "AddressId": 47,
        "Digest": 3.0263387081779602e-151,
        "Hash": "Ae2tdPwUPEZE9RAm3d3zuuh22YjqDxhR1JF6G93uJsRrk51QGHzRUzLvDjL",
        "Type": 0,
      },
      Object {
        "AddressId": 48,
        "Digest": 3.748999811104187e+228,
        "Hash": "Ae2tdPwUPEZ4JpbhPGtK8RZyMLGq7R6wVBHErTxBYUuSKyUbhc7fegtU3dF",
        "Type": 0,
      },
      Object {
        "AddressId": 49,
        "Digest": 2.6120787617673514e-30,
        "Hash": "Ae2tdPwUPEZBdtWRV8KXaHdiV7DL5pG96iETwYoBy1My4VLBCyU9k5kMUfJ",
        "Type": 0,
      },
      Object {
        "AddressId": 50,
        "Digest": -1.0123492942107734e-165,
        "Hash": "Ae2tdPwUPEYy1r4T3wX9KmWPA5XP9dgxCiZ2Dz6SbS1tgxpwkHLr7EutFSi",
        "Type": 0,
      },
      Object {
        "AddressId": 51,
        "Digest": -3.074319404454647e-200,
        "Hash": "Ae2tdPwUPEZE9zHeyCoYJF2AViqdj4iz1LzzrZaNDGqsBGaVMvzFrnvhmjC",
        "Type": 0,
      },
      Object {
        "AddressId": 52,
        "Digest": -1.488820380175102e+175,
        "Hash": "Ae2tdPwUPEYzrgMT2ZCnohBmEkhL4WETjSo7pJJv3tifWP2yD8HcbRpcsuz",
        "Type": 0,
      },
      Object {
        "AddressId": 53,
        "Digest": 2.3902554625601016e-104,
        "Hash": "Ae2tdPwUPEYxhJZmF3nx3hd8KuWWg4wxTuCzHiwELTMz5DNj2RVVp3GvSXk",
        "Type": 0,
      },
      Object {
        "AddressId": 54,
        "Digest": 2.909739229935528e-145,
        "Hash": "Ae2tdPwUPEZ1QKYKaWjQQYhLY9C9hQQjiEAYj8X6VszRheb1uzdUJ1PQi5A",
        "Type": 0,
      },
      Object {
        "AddressId": 55,
        "Digest": -3.512532923970995e-268,
        "Hash": "Ae2tdPwUPEZJxz9udJ5AiGNAypTimc5tW8aeHMmXx1Gz1i8vXT7ds1CJePD",
        "Type": 0,
      },
      Object {
        "AddressId": 56,
        "Digest": -1.4587970711938662e-273,
        "Hash": "Ae2tdPwUPEZ1CQ8Mxz3xCVwg11dxMHLVsfsyaq12wTuwyTsVw55EFHgTRba",
        "Type": 0,
      },
      Object {
        "AddressId": 57,
        "Digest": -5.101875829381085e-120,
        "Hash": "Ae2tdPwUPEZ5MLs4hNC7W7hRWZzDaNa3XT7nae5FBA2W3We7JbAKtTYhcg2",
        "Type": 0,
      },
      Object {
        "AddressId": 58,
        "Digest": 2.5502116477786873e+76,
        "Hash": "Ae2tdPwUPEZETaqb1tkBX7XxtuLcda2RHsG4G8DsDQdNeV5SSWcc1MJcraP",
        "Type": 0,
      },
      Object {
        "AddressId": 59,
        "Digest": -4.51175714903157e+254,
        "Hash": "Ae2tdPwUPEZ8d86PnvnuKuT1v3Fqy4UEtcAtHcYpzCfa6SQX7jkW4hjXQZw",
        "Type": 0,
      },
      Object {
        "AddressId": 60,
        "Digest": 1.1003732905385264e+77,
        "Hash": "Ae2tdPwUPEZL8tfFQnZpYNVZPx58ix3TsJbRGudMqqiesmyYDyQiMP7p4V3",
        "Type": 0,
      },
      Object {
        "AddressId": 61,
        "Digest": -3.183586286561401e+74,
        "Hash": "Ae2tdPwUPEZBWaoj9gwh2jtmQSBr2giZVTyt3J5pyRh9wcn971ZugRG8ZHB",
        "Type": 0,
      },
      Object {
        "AddressId": 62,
        "Digest": -1.7284293980886233e+143,
        "Hash": "Ae2tdPwUPEZ2oSkjKqo3Z4CUQJg8xxP5fZnjf1mmqpGWB9FS84kjUnziRQG",
        "Type": 0,
      },
      Object {
        "AddressId": 63,
        "Digest": 12486396901266293000,
        "Hash": "Ae2tdPwUPEZELvmKtHpL6HAWt5H2dYc4hGf8yHJKuyWSocqVHhmhVHaf6nX",
        "Type": 0,
      },
      Object {
        "AddressId": 64,
        "Digest": 5.1141046639172445e+261,
        "Hash": "619a57f784ef8f9a9d3d25a905e4df27d46843d7a0b93d162cdfae6cdc",
        "Type": 3,
      },
    ],
  },
  Object {
    "Block": Array [
      Object {
        "BlockId": 1,
        "BlockTime": 2019-09-13T16:37:16.000Z,
        "Digest": -9.690691258114666e-56,
        "Hash": "a9835cc1e0f9b6c239aec4c446a6e181b7db6a80ad53cc0b04f70c6b85e9ba25",
        "Height": 218608,
        "SlotNum": 219650,
      },
      Object {
        "BlockId": 2,
        "BlockTime": 2019-09-13T16:37:36.000Z,
        "Digest": -6.352946211521613e-51,
        "Hash": "a9835cc1e0f9b6c239aec4c446a6e181b7db6a80ad53cc0b04f70c6b85e9ba26",
        "Height": 218609,
        "SlotNum": 219651,
      },
    ],
  },
  Object {
    "LastSyncInfo": Array [
      Object {
        "BlockHash": "a9835cc1e0f9b6c239aec4c446a6e181b7db6a80ad53cc0b04f70c6b85e9ba26",
        "Height": 218609,
        "LastSyncInfoId": 1,
        "SlotNum": 219651,
        "Time": 1970-01-01T00:00:00.001Z,
      },
    ],
  },
  Object {
    "Token": Array [
      Object {
        "Digest": 6.262633522161549e-167,
        "Identifier": "",
        "IsDefault": true,
        "Metadata": Object {
          "assetName": "",
          "longName": null,
          "numberOfDecimals": 6,
          "policyId": "",
          "ticker": "ADA",
          "type": "Cardano",
        },
        "NetworkId": 0,
        "TokenId": 1,
      },
      Object {
        "Digest": 6.262633522161549e-167,
        "Identifier": "",
        "IsDefault": true,
        "Metadata": Object {
          "assetName": "",
          "longName": null,
          "numberOfDecimals": 6,
          "policyId": "",
          "ticker": "ADA",
          "type": "Cardano",
        },
        "NetworkId": 100,
        "TokenId": 2,
      },
      Object {
        "Digest": 6.262633522161549e-167,
        "Identifier": "",
        "IsDefault": true,
        "Metadata": Object {
          "boxId": "",
          "description": null,
          "height": 0,
          "longName": null,
          "numberOfDecimals": 9,
          "ticker": "ERG",
          "type": "Ergo",
        },
        "NetworkId": 200,
        "TokenId": 3,
      },
      Object {
        "Digest": 6.262633522161549e-167,
        "Identifier": "",
        "IsDefault": true,
        "Metadata": Object {
          "assetName": "",
          "longName": null,
          "numberOfDecimals": 6,
          "policyId": "",
          "ticker": "TADA",
          "type": "Cardano",
        },
        "NetworkId": 300,
        "TokenId": 4,
      },
    ],
  },
  Object {
    "TokenList": Array [
      Object {
        "Amount": "4000000",
        "ListId": 0,
        "TokenId": 1,
        "TokenListItemId": 1,
      },
      Object {
        "Amount": "2100000",
        "ListId": 1,
        "TokenId": 1,
        "TokenListItemId": 2,
      },
      Object {
        "Amount": "1731391",
        "ListId": 2,
        "TokenId": 1,
        "TokenListItemId": 3,
      },
      Object {
        "Amount": "2100000",
        "ListId": 3,
        "TokenId": 1,
        "TokenListItemId": 4,
      },
      Object {
        "Amount": "1000",
        "ListId": 4,
        "TokenId": 1,
        "TokenListItemId": 5,
      },
      Object {
        "Amount": "1100000",
        "ListId": 5,
        "TokenId": 1,
        "TokenListItemId": 6,
      },
      Object {
        "Amount": "900000",
        "ListId": 6,
        "TokenId": 1,
        "TokenListItemId": 7,
      },
      Object {
        "Amount": "900000",
        "ListId": 7,
        "TokenId": 1,
        "TokenListItemId": 8,
      },
    ],
  },
  Object {
    "Transaction": Array [
      Object {
        "BlockId": 1,
        "Digest": 8.191593645542673e-27,
        "ErrorMessage": null,
        "Extra": null,
        "Hash": "29f2fe214ec2c9b05773a689eca797e903adeaaf51dfe20782a4bf401e7ed545",
        "LastUpdateTime": 1568392636000,
        "Ordinal": 0,
        "Status": 1,
        "TransactionId": 1,
        "Type": 0,
      },
      Object {
        "BlockId": 2,
        "Digest": 1.249559827714551e-31,
        "ErrorMessage": null,
        "Extra": Object {
          "Fee": "100000",
          "Metadata": null,
        },
        "Hash": "29f2fe214ec2c9b05773a689eca797e903adeaaf51dfe20782a4bf401e7ed546",
        "LastUpdateTime": 1568392656000,
        "Ordinal": 0,
        "Status": 1,
        "TransactionId": 2,
        "Type": 1,
      },
    ],
  },
  Object {
    "UtxoTransactionInput": Array [
      Object {
        "AddressId": 46,
        "IndexInOwnTx": 0,
        "IndexInParentTx": 0,
        "ParentTxHash": "9c8d3c4fe576f8c99d8ad6ba5d889f5a9f2d7fe07dc17b3f425f5d17696f3d20",
        "TokenListId": 0,
        "TransactionId": 1,
        "UtxoTransactionInputId": 1,
      },
      Object {
        "AddressId": 5,
        "IndexInOwnTx": 0,
        "IndexInParentTx": 0,
        "ParentTxHash": "29f2fe214ec2c9b05773a689eca797e903adeaaf51dfe20782a4bf401e7ed545",
        "TokenListId": 3,
        "TransactionId": 2,
        "UtxoTransactionInputId": 2,
      },
    ],
  },
  Object {
    "UtxoTransactionOutput": Array [
      Object {
        "AddressId": 5,
        "ErgoBoxId": null,
        "ErgoCreationHeight": null,
        "ErgoRegisters": null,
        "ErgoTree": null,
        "IsUnspent": false,
        "OutputIndex": 0,
        "TokenListId": 1,
        "TransactionId": 1,
        "UtxoTransactionOutputId": 1,
      },
      Object {
        "AddressId": 47,
        "ErgoBoxId": null,
        "ErgoCreationHeight": null,
        "ErgoRegisters": null,
        "ErgoTree": null,
        "IsUnspent": true,
        "OutputIndex": 1,
        "TokenListId": 2,
        "TransactionId": 1,
        "UtxoTransactionOutputId": 2,
      },
      Object {
        "AddressId": 21,
        "ErgoBoxId": null,
        "ErgoCreationHeight": null,
        "ErgoRegisters": null,
        "ErgoTree": null,
        "IsUnspent": true,
        "OutputIndex": 0,
        "TokenListId": 5,
        "TransactionId": 2,
        "UtxoTransactionOutputId": 3,
      },
      Object {
        "AddressId": 20,
        "ErgoBoxId": null,
        "ErgoCreationHeight": null,
        "ErgoRegisters": null,
        "ErgoTree": null,
        "IsUnspent": true,
        "OutputIndex": 1,
        "TokenListId": 6,
        "TransactionId": 2,
        "UtxoTransactionOutputId": 4,
      },
      Object {
        "AddressId": 64,
        "ErgoBoxId": null,
        "ErgoCreationHeight": null,
        "ErgoRegisters": null,
        "ErgoTree": null,
        "IsUnspent": true,
        "OutputIndex": 2,
        "TokenListId": 7,
        "TransactionId": 2,
        "UtxoTransactionOutputId": 5,
      },
    ],
  },
]
`;
